

================================================================
== Vivado HLS Report for 'atan_generic_double_s'
================================================================
* Date:           Tue Aug 11 15:45:44 2020

* Version:        2019.1 (Build 2552052 on Fri May 24 15:28:33 MDT 2019)
* Project:        CarSimOnFPGA
* Solution:       solution2
* Product family: kintex7
* Target device:  xc7k325t-ffg900-2


================================================================
== Performance Estimates
================================================================
+ Timing (ns): 
    * Summary: 
    +--------+-------+----------+------------+
    |  Clock | Target| Estimated| Uncertainty|
    +--------+-------+----------+------------+
    |ap_clk  |  10.00|     8.591|        1.25|
    +--------+-------+----------+------------+

+ Latency (clock cycles): 
    * Summary: 
    +-----+-----+-----+-----+---------+
    |  Latency  |  Interval | Pipeline|
    | min | max | min | max |   Type  |
    +-----+-----+-----+-----+---------+
    |    1|  179|    1|  179|   none  |
    +-----+-----+-----+-----+---------+

    + Detail: 
        * Instance: 
        N/A

        * Loop: 
        +----------+-----+-----+----------+-----------+-----------+------+----------+
        |          |  Latency  | Iteration|  Initiation Interval  | Trip |          |
        | Loop Name| min | max |  Latency |  achieved |   target  | Count| Pipelined|
        +----------+-----+-----+----------+-----------+-----------+------+----------+
        |- Loop 1  |  176|  176|         2|          -|          -|    88|    no    |
        +----------+-----+-----+----------+-----------+-----------+------+----------+

============================================================
+ Verbose Summary: Synthesis Manager
============================================================
InlineROM: 1
ExposeGlobal: 0
============================================================
+ Verbose Summary: CDFG Model
============================================================
IsTopModel: 0
ResetActiveHigh: 1
IsCombinational: 0
IsDatapathOnly: 0
HasWiredReturn: 1
HasMFsm: 0
HasVarLatency: 1
IsPipeline: 0
IsRtlPipelined: 0
IsInstanceOverlapped: 0
IsDontTouch: 0
HasImplIP: 0
IsGatedGlobalClock: 0


============================================================
+ Verbose Summary: Schedule
============================================================
* Number of FSM states : 5
* Pipeline : 0
* Dataflow Pipeline: 0

* FSM state transitions: 
1 --> 5 2 
2 --> 3 4 5 
3 --> 2 
4 --> 5 
5 --> 

* FSM state operations: 

State 1 <SV = 0> <Delay = 4.54>
ST_1 : Operation 6 [1/1] (0.00ns)   --->   "%t_in_read = call double @_ssdm_op_Read.ap_auto.double(double %t_in) nounwind" [r:/builds/2019.1/continuous/2019_05_24_2552052/src/products/hls/hls_lib/hlsmath/include/FloatingPoint\hls_cordic.h:577]   --->   Operation 6 'read' 't_in_read' <Predicate = true> <Delay = 0.00>
ST_1 : Operation 7 [1/1] (0.00ns)   --->   "%p_Val2_s = bitcast double %t_in_read to i64" [r:/builds/2019.1/continuous/2019_05_24_2552052/src/products/hls/hls_lib/src/hls\utils/x_hls_utils.h:475->r:/builds/2019.1/continuous/2019_05_24_2552052/src/products/hls/hls_lib/src/hls\utils/x_hls_utils.h:479->r:/builds/2019.1/continuous/2019_05_24_2552052/src/products/hls/hls_lib/hlsmath/include/FloatingPoint\hls_cordic.h:578]   --->   Operation 7 'bitcast' 'p_Val2_s' <Predicate = true> <Delay = 0.00>
ST_1 : Operation 8 [1/1] (0.00ns)   --->   "%tmp_V_10 = call i11 @_ssdm_op_PartSelect.i11.i64.i32.i32(i64 %p_Val2_s, i32 52, i32 62) nounwind" [r:/builds/2019.1/continuous/2019_05_24_2552052/src/products/hls/hls_lib/src/hls\utils/x_hls_utils.h:477->r:/builds/2019.1/continuous/2019_05_24_2552052/src/products/hls/hls_lib/src/hls\utils/x_hls_utils.h:479->r:/builds/2019.1/continuous/2019_05_24_2552052/src/products/hls/hls_lib/hlsmath/include/FloatingPoint\hls_cordic.h:578]   --->   Operation 8 'partselect' 'tmp_V_10' <Predicate = true> <Delay = 0.00>
ST_1 : Operation 9 [1/1] (0.00ns)   --->   "%tmp_V_11 = trunc i64 %p_Val2_s to i52" [r:/builds/2019.1/continuous/2019_05_24_2552052/src/products/hls/hls_lib/src/hls\utils/x_hls_utils.h:478->r:/builds/2019.1/continuous/2019_05_24_2552052/src/products/hls/hls_lib/src/hls\utils/x_hls_utils.h:479->r:/builds/2019.1/continuous/2019_05_24_2552052/src/products/hls/hls_lib/hlsmath/include/FloatingPoint\hls_cordic.h:578]   --->   Operation 9 'trunc' 'tmp_V_11' <Predicate = true> <Delay = 0.00>
ST_1 : Operation 10 [1/1] (1.07ns)   --->   "%icmp_ln849 = icmp ult i11 %tmp_V_10, 996" [r:/builds/2019.1/continuous/2019_05_24_2552052/src/products/hls/hls_lib/hlsmath/include/FloatingPoint\hls_cordic.h:580]   --->   Operation 10 'icmp' 'icmp_ln849' <Predicate = true> <Delay = 1.07> <Core = "Cmp">   --->   Core 25 'Cmp' <Latency = 0> <II = 1> <Delay = 1.28> <FuncUnit> <Opcode : 'icmp'> <InPorts = 2> <OutPorts = 1>
ST_1 : Operation 11 [1/1] (0.90ns)   --->   "br i1 %icmp_ln849, label %_ZNK13ap_fixed_baseILi86ELi1ELb1EL9ap_q_mode5EL9ap_o_mode3ELi0EEcvdEv.exit, label %_ZN9ap_ufixedILi86ELi1EL9ap_q_mode5EL9ap_o_mode3ELi0EEC1ILi53ELi1ELb0ELS0_5ELS1_3ELi0EEERK13ap_fixed_baseIXT_EXT0_EXT1_EXT2_EXT3_EXT4_EE.exit" [r:/builds/2019.1/continuous/2019_05_24_2552052/src/products/hls/hls_lib/hlsmath/include/FloatingPoint\hls_cordic.h:580]   --->   Operation 11 'br' <Predicate = true> <Delay = 0.90>
ST_1 : Operation 12 [1/1] (0.00ns)   --->   "%zext_ln502 = zext i11 %tmp_V_10 to i12" [r:/builds/2019.1/continuous/2019_05_24_2552052/src/products/hls/hls_lib/src/hls\utils/x_hls_utils.h:502->r:/builds/2019.1/continuous/2019_05_24_2552052/src/products/hls/hls_lib/hlsmath/include/FloatingPoint\hls_cordic.h:606]   --->   Operation 12 'zext' 'zext_ln502' <Predicate = (!icmp_ln849)> <Delay = 0.00>
ST_1 : Operation 13 [1/1] (1.35ns)   --->   "%exp = add i12 %zext_ln502, -1023" [r:/builds/2019.1/continuous/2019_05_24_2552052/src/products/hls/hls_lib/src/hls\utils/x_hls_utils.h:502->r:/builds/2019.1/continuous/2019_05_24_2552052/src/products/hls/hls_lib/hlsmath/include/FloatingPoint\hls_cordic.h:606]   --->   Operation 13 'add' 'exp' <Predicate = (!icmp_ln849)> <Delay = 1.35> <Core = "AddSub">   --->   Core 14 'AddSub' <Latency = 0> <II = 1> <Delay = 1.72> <FuncUnit> <Opcode : 'add' 'sub'> <InPorts = 2> <OutPorts = 1>
ST_1 : Operation 14 [1/1] (0.00ns)   --->   "%X_V = call i86 @_ssdm_op_BitConcatenate.i86.i1.i52.i33(i1 true, i52 %tmp_V_11, i33 0)" [r:/builds/2019.1/continuous/2019_05_24_2552052/src/products/hls/hls_lib/hlsmath/include/FloatingPoint\hls_cordic.h:607]   --->   Operation 14 'bitconcatenate' 'X_V' <Predicate = (!icmp_ln849)> <Delay = 0.00>
ST_1 : Operation 15 [1/1] (0.00ns)   --->   "%isNeg = call i1 @_ssdm_op_BitSelect.i1.i12.i32(i12 %exp, i32 11)" [r:/builds/2019.1/continuous/2019_05_24_2552052/src/products/hls/hls_lib/hlsmath/include/FloatingPoint\hls_cordic.h:609]   --->   Operation 15 'bitselect' 'isNeg' <Predicate = (!icmp_ln849)> <Delay = 0.00>
ST_1 : Operation 16 [1/1] (1.35ns)   --->   "%sub_ln1311 = sub i11 1023, %tmp_V_10" [r:/builds/2019.1/continuous/2019_05_24_2552052/src/products/hls/hls_lib/hlsmath/include/FloatingPoint\hls_cordic.h:609]   --->   Operation 16 'sub' 'sub_ln1311' <Predicate = (!icmp_ln849)> <Delay = 1.35> <Core = "AddSub">   --->   Core 14 'AddSub' <Latency = 0> <II = 1> <Delay = 1.72> <FuncUnit> <Opcode : 'add' 'sub'> <InPorts = 2> <OutPorts = 1>
ST_1 : Operation 17 [1/1] (0.00ns)   --->   "%sext_ln1311 = sext i11 %sub_ln1311 to i12" [r:/builds/2019.1/continuous/2019_05_24_2552052/src/products/hls/hls_lib/hlsmath/include/FloatingPoint\hls_cordic.h:609]   --->   Operation 17 'sext' 'sext_ln1311' <Predicate = (!icmp_ln849)> <Delay = 0.00>
ST_1 : Operation 18 [1/1] (0.62ns)   --->   "%exp_2 = select i1 %isNeg, i12 %sext_ln1311, i12 %exp" [r:/builds/2019.1/continuous/2019_05_24_2552052/src/products/hls/hls_lib/hlsmath/include/FloatingPoint\hls_cordic.h:609]   --->   Operation 18 'select' 'exp_2' <Predicate = (!icmp_ln849)> <Delay = 0.62> <Core = "Sel">   --->   Core 26 'Sel' <Latency = 0> <II = 1> <Delay = 0.49> <FuncUnit> <Opcode : 'select'> <InPorts = 3> <OutPorts = 1>
ST_1 : Operation 19 [1/1] (0.00ns)   --->   "%sext_ln1311_1 = sext i12 %exp_2 to i32" [r:/builds/2019.1/continuous/2019_05_24_2552052/src/products/hls/hls_lib/hlsmath/include/FloatingPoint\hls_cordic.h:609]   --->   Operation 19 'sext' 'sext_ln1311_1' <Predicate = (!icmp_ln849)> <Delay = 0.00>
ST_1 : Operation 20 [1/1] (0.00ns)   --->   "%zext_ln1287 = zext i32 %sext_ln1311_1 to i86" [r:/builds/2019.1/continuous/2019_05_24_2552052/src/products/hls/hls_lib/hlsmath/include/FloatingPoint\hls_cordic.h:609]   --->   Operation 20 'zext' 'zext_ln1287' <Predicate = (!icmp_ln849)> <Delay = 0.00>
ST_1 : Operation 21 [1/1] (0.00ns) (grouped into LUT with out node r_V_36)   --->   "%r_V = lshr i86 %X_V, %zext_ln1287" [r:/builds/2019.1/continuous/2019_05_24_2552052/src/products/hls/hls_lib/hlsmath/include/FloatingPoint\hls_cordic.h:609]   --->   Operation 21 'lshr' 'r_V' <Predicate = (!icmp_ln849)> <Delay = 0.00> <Core = "Shift">   --->   Core 28 'Shift' <Latency = 0> <II = 1> <Delay = 2.56> <FuncUnit> <Opcode : 'shl' 'lshr' 'ashr'> <InPorts = 2> <OutPorts = 1>
ST_1 : Operation 22 [1/1] (0.00ns) (grouped into LUT with out node r_V_36)   --->   "%r_V_32 = shl i86 %X_V, %zext_ln1287" [r:/builds/2019.1/continuous/2019_05_24_2552052/src/products/hls/hls_lib/hlsmath/include/FloatingPoint\hls_cordic.h:609]   --->   Operation 22 'shl' 'r_V_32' <Predicate = (!icmp_ln849)> <Delay = 0.00> <Core = "Shift">   --->   Core 28 'Shift' <Latency = 0> <II = 1> <Delay = 2.56> <FuncUnit> <Opcode : 'shl' 'lshr' 'ashr'> <InPorts = 2> <OutPorts = 1>
ST_1 : Operation 23 [1/1] (2.56ns) (out node of the LUT)   --->   "%r_V_36 = select i1 %isNeg, i86 %r_V, i86 %r_V_32" [r:/builds/2019.1/continuous/2019_05_24_2552052/src/products/hls/hls_lib/hlsmath/include/FloatingPoint\hls_cordic.h:609]   --->   Operation 23 'select' 'r_V_36' <Predicate = (!icmp_ln849)> <Delay = 2.56> <Core = "Sel">   --->   Core 26 'Sel' <Latency = 0> <II = 1> <Delay = 0.49> <FuncUnit> <Opcode : 'select'> <InPorts = 3> <OutPorts = 1>
ST_1 : Operation 24 [1/1] (0.00ns)   --->   "%y_V = zext i86 %r_V_36 to i88" [r:/builds/2019.1/continuous/2019_05_24_2552052/src/products/hls/hls_lib/hlsmath/include/FloatingPoint\hls_cordic.h:617]   --->   Operation 24 'zext' 'y_V' <Predicate = (!icmp_ln849)> <Delay = 0.00>
ST_1 : Operation 25 [1/1] (0.87ns)   --->   "br label %1" [r:/builds/2019.1/continuous/2019_05_24_2552052/src/products/hls/hls_lib/hlsmath/include/FloatingPoint\hls_cordic.h:167->r:/builds/2019.1/continuous/2019_05_24_2552052/src/products/hls/hls_lib/hlsmath/include/FloatingPoint\hls_cordic.h:620]   --->   Operation 25 'br' <Predicate = (!icmp_ln849)> <Delay = 0.87>

State 2 <SV = 1> <Delay = 8.40>
ST_2 : Operation 26 [1/1] (0.00ns)   --->   "%tmp_V_12 = phi i86 [ 0, %_ZN9ap_ufixedILi86ELi1EL9ap_q_mode5EL9ap_o_mode3ELi0EEC1ILi53ELi1ELb0ELS0_5ELS1_3ELi0EEERK13ap_fixed_baseIXT_EXT0_EXT1_EXT2_EXT3_EXT4_EE.exit ], [ %tz_V, %"cordic_::addsub<0, 0, ap_fixed<88, 3, (ap_q_mode)5, (ap_o_mode)3, 0>, ap_fixed<88, 3, (ap_q_mode)5, (ap_o_mode)3, 0>, ap_uint<1> >.region" ]"   --->   Operation 26 'phi' 'tmp_V_12' <Predicate = true> <Delay = 0.00>
ST_2 : Operation 27 [1/1] (0.00ns)   --->   "%p_Val2_28 = phi i88 [ %y_V, %_ZN9ap_ufixedILi86ELi1EL9ap_q_mode5EL9ap_o_mode3ELi0EEC1ILi53ELi1ELb0ELS0_5ELS1_3ELi0EEERK13ap_fixed_baseIXT_EXT0_EXT1_EXT2_EXT3_EXT4_EE.exit ], [ %ty_V, %"cordic_::addsub<0, 0, ap_fixed<88, 3, (ap_q_mode)5, (ap_o_mode)3, 0>, ap_fixed<88, 3, (ap_q_mode)5, (ap_o_mode)3, 0>, ap_uint<1> >.region" ]"   --->   Operation 27 'phi' 'p_Val2_28' <Predicate = true> <Delay = 0.00>
ST_2 : Operation 28 [1/1] (0.00ns)   --->   "%p_Val2_40 = phi i88 [ 38685626227668133590597632, %_ZN9ap_ufixedILi86ELi1EL9ap_q_mode5EL9ap_o_mode3ELi0EEC1ILi53ELi1ELb0ELS0_5ELS1_3ELi0EEERK13ap_fixed_baseIXT_EXT0_EXT1_EXT2_EXT3_EXT4_EE.exit ], [ %tx_V, %"cordic_::addsub<0, 0, ap_fixed<88, 3, (ap_q_mode)5, (ap_o_mode)3, 0>, ap_fixed<88, 3, (ap_q_mode)5, (ap_o_mode)3, 0>, ap_uint<1> >.region" ]"   --->   Operation 28 'phi' 'p_Val2_40' <Predicate = true> <Delay = 0.00>
ST_2 : Operation 29 [1/1] (0.00ns)   --->   "%ush_1 = phi i7 [ 0, %_ZN9ap_ufixedILi86ELi1EL9ap_q_mode5EL9ap_o_mode3ELi0EEC1ILi53ELi1ELb0ELS0_5ELS1_3ELi0EEERK13ap_fixed_baseIXT_EXT0_EXT1_EXT2_EXT3_EXT4_EE.exit ], [ %k, %"cordic_::addsub<0, 0, ap_fixed<88, 3, (ap_q_mode)5, (ap_o_mode)3, 0>, ap_fixed<88, 3, (ap_q_mode)5, (ap_o_mode)3, 0>, ap_uint<1> >.region" ]"   --->   Operation 29 'phi' 'ush_1' <Predicate = true> <Delay = 0.00>
ST_2 : Operation 30 [1/1] (0.92ns)   --->   "%icmp_ln167 = icmp eq i7 %ush_1, -40" [r:/builds/2019.1/continuous/2019_05_24_2552052/src/products/hls/hls_lib/hlsmath/include/FloatingPoint\hls_cordic.h:167->r:/builds/2019.1/continuous/2019_05_24_2552052/src/products/hls/hls_lib/hlsmath/include/FloatingPoint\hls_cordic.h:620]   --->   Operation 30 'icmp' 'icmp_ln167' <Predicate = true> <Delay = 0.92> <Core = "Cmp">   --->   Core 25 'Cmp' <Latency = 0> <II = 1> <Delay = 1.28> <FuncUnit> <Opcode : 'icmp'> <InPorts = 2> <OutPorts = 1>
ST_2 : Operation 31 [1/1] (0.00ns)   --->   "%empty = call i32 (...)* @_ssdm_op_SpecLoopTripCount(i64 88, i64 88, i64 88) nounwind"   --->   Operation 31 'speclooptripcount' 'empty' <Predicate = true> <Delay = 0.00>
ST_2 : Operation 32 [1/1] (1.27ns)   --->   "%k = add i7 %ush_1, 1" [r:/builds/2019.1/continuous/2019_05_24_2552052/src/products/hls/hls_lib/hlsmath/include/FloatingPoint\hls_cordic.h:167->r:/builds/2019.1/continuous/2019_05_24_2552052/src/products/hls/hls_lib/hlsmath/include/FloatingPoint\hls_cordic.h:620]   --->   Operation 32 'add' 'k' <Predicate = true> <Delay = 1.27> <Core = "AddSub">   --->   Core 14 'AddSub' <Latency = 0> <II = 1> <Delay = 1.72> <FuncUnit> <Opcode : 'add' 'sub'> <InPorts = 2> <OutPorts = 1>
ST_2 : Operation 33 [1/1] (0.00ns)   --->   "br i1 %icmp_ln167, label %"cordic_circ_v1<88, 1, 0, 0, 88, 3, 86, 1>.exit", label %"cordic_::addsub<0, 0, ap_fixed<88, 3, (ap_q_mode)5, (ap_o_mode)3, 0>, ap_fixed<88, 3, (ap_q_mode)5, (ap_o_mode)3, 0>, ap_uint<1> >.region"" [r:/builds/2019.1/continuous/2019_05_24_2552052/src/products/hls/hls_lib/hlsmath/include/FloatingPoint\hls_cordic.h:167->r:/builds/2019.1/continuous/2019_05_24_2552052/src/products/hls/hls_lib/hlsmath/include/FloatingPoint\hls_cordic.h:620]   --->   Operation 33 'br' <Predicate = true> <Delay = 0.00>
ST_2 : Operation 34 [1/1] (0.00ns)   --->   "%tmp_10 = call i1 @_ssdm_op_BitSelect.i1.i88.i32(i88 %p_Val2_28, i32 87)" [r:/builds/2019.1/continuous/2019_05_24_2552052/src/products/hls/hls_lib/hlsmath/include/FloatingPoint\hls_cordic.h:172->r:/builds/2019.1/continuous/2019_05_24_2552052/src/products/hls/hls_lib/hlsmath/include/FloatingPoint\hls_cordic.h:620]   --->   Operation 34 'bitselect' 'tmp_10' <Predicate = (!icmp_ln167)> <Delay = 0.00>
ST_2 : Operation 35 [1/1] (0.00ns)   --->   "%zext_ln1253 = zext i7 %ush_1 to i88" [r:/builds/2019.1/continuous/2019_05_24_2552052/src/products/hls/hls_lib/hlsmath/include/FloatingPoint\hls_cordic.h:188->r:/builds/2019.1/continuous/2019_05_24_2552052/src/products/hls/hls_lib/hlsmath/include/FloatingPoint\hls_cordic.h:620]   --->   Operation 35 'zext' 'zext_ln1253' <Predicate = (!icmp_ln167)> <Delay = 0.00>
ST_2 : Operation 36 [1/1] (2.57ns)   --->   "%r_V_37 = ashr i88 %p_Val2_28, %zext_ln1253" [r:/builds/2019.1/continuous/2019_05_24_2552052/src/products/hls/hls_lib/hlsmath/include/FloatingPoint\hls_cordic.h:188->r:/builds/2019.1/continuous/2019_05_24_2552052/src/products/hls/hls_lib/hlsmath/include/FloatingPoint\hls_cordic.h:620]   --->   Operation 36 'ashr' 'r_V_37' <Predicate = (!icmp_ln167)> <Delay = 2.57> <Core = "Shift">   --->   Core 28 'Shift' <Latency = 0> <II = 1> <Delay = 2.56> <FuncUnit> <Opcode : 'shl' 'lshr' 'ashr'> <InPorts = 2> <OutPorts = 1>
ST_2 : Operation 37 [1/1] (0.00ns)   --->   "%rbegin = call i32 (...)* @_ssdm_op_SpecRegionBegin([138 x i8]* @cordic_KD_KD_addsu_1) nounwind" [r:/builds/2019.1/continuous/2019_05_24_2552052/src/products/hls/hls_lib/hlsmath/include/FloatingPoint\hls_cordic.h:189->r:/builds/2019.1/continuous/2019_05_24_2552052/src/products/hls/hls_lib/hlsmath/include/FloatingPoint\hls_cordic.h:620]   --->   Operation 37 'specregionbegin' 'rbegin' <Predicate = (!icmp_ln167)> <Delay = 0.00>
ST_2 : Operation 38 [1/1] (0.00ns)   --->   "call void (...)* @_ssdm_op_SpecLatency(i32 0, i32 0, [1 x i8]* @p_str51) nounwind" [r:/builds/2019.1/continuous/2019_05_24_2552052/src/products/hls/hls_lib/hlsmath/include/FloatingPoint\hls_cordic.h:127->r:/builds/2019.1/continuous/2019_05_24_2552052/src/products/hls/hls_lib/hlsmath/include/FloatingPoint\hls_cordic.h:189->r:/builds/2019.1/continuous/2019_05_24_2552052/src/products/hls/hls_lib/hlsmath/include/FloatingPoint\hls_cordic.h:620]   --->   Operation 38 'speclatency' <Predicate = (!icmp_ln167)> <Delay = 0.00>
ST_2 : Operation 39 [1/1] (2.04ns)   --->   "%sub_ln130 = sub i88 %p_Val2_40, %r_V_37" [r:/builds/2019.1/continuous/2019_05_24_2552052/src/products/hls/hls_lib/hlsmath/include/FloatingPoint\hls_cordic.h:130->r:/builds/2019.1/continuous/2019_05_24_2552052/src/products/hls/hls_lib/hlsmath/include/FloatingPoint\hls_cordic.h:189->r:/builds/2019.1/continuous/2019_05_24_2552052/src/products/hls/hls_lib/hlsmath/include/FloatingPoint\hls_cordic.h:620]   --->   Operation 39 'sub' 'sub_ln130' <Predicate = (!icmp_ln167)> <Delay = 2.04> <Core = "AddSub">   --->   Core 14 'AddSub' <Latency = 0> <II = 1> <Delay = 1.72> <FuncUnit> <Opcode : 'add' 'sub'> <InPorts = 2> <OutPorts = 1>
ST_2 : Operation 40 [1/1] (2.04ns)   --->   "%add_ln130 = add i88 %p_Val2_40, %r_V_37" [r:/builds/2019.1/continuous/2019_05_24_2552052/src/products/hls/hls_lib/hlsmath/include/FloatingPoint\hls_cordic.h:130->r:/builds/2019.1/continuous/2019_05_24_2552052/src/products/hls/hls_lib/hlsmath/include/FloatingPoint\hls_cordic.h:189->r:/builds/2019.1/continuous/2019_05_24_2552052/src/products/hls/hls_lib/hlsmath/include/FloatingPoint\hls_cordic.h:620]   --->   Operation 40 'add' 'add_ln130' <Predicate = (!icmp_ln167)> <Delay = 2.04> <Core = "AddSub">   --->   Core 14 'AddSub' <Latency = 0> <II = 1> <Delay = 1.72> <FuncUnit> <Opcode : 'add' 'sub'> <InPorts = 2> <OutPorts = 1>
ST_2 : Operation 41 [1/1] (0.64ns)   --->   "%tx_V = select i1 %tmp_10, i88 %sub_ln130, i88 %add_ln130" [r:/builds/2019.1/continuous/2019_05_24_2552052/src/products/hls/hls_lib/hlsmath/include/FloatingPoint\hls_cordic.h:130->r:/builds/2019.1/continuous/2019_05_24_2552052/src/products/hls/hls_lib/hlsmath/include/FloatingPoint\hls_cordic.h:189->r:/builds/2019.1/continuous/2019_05_24_2552052/src/products/hls/hls_lib/hlsmath/include/FloatingPoint\hls_cordic.h:620]   --->   Operation 41 'select' 'tx_V' <Predicate = (!icmp_ln167)> <Delay = 0.64> <Core = "Sel">   --->   Core 26 'Sel' <Latency = 0> <II = 1> <Delay = 0.49> <FuncUnit> <Opcode : 'select'> <InPorts = 3> <OutPorts = 1>
ST_2 : Operation 42 [1/1] (0.00ns)   --->   "%rend = call i32 (...)* @_ssdm_op_SpecRegionEnd([138 x i8]* @cordic_KD_KD_addsu_1, i32 %rbegin) nounwind" [r:/builds/2019.1/continuous/2019_05_24_2552052/src/products/hls/hls_lib/hlsmath/include/FloatingPoint\hls_cordic.h:189->r:/builds/2019.1/continuous/2019_05_24_2552052/src/products/hls/hls_lib/hlsmath/include/FloatingPoint\hls_cordic.h:620]   --->   Operation 42 'specregionend' 'rend' <Predicate = (!icmp_ln167)> <Delay = 0.00>
ST_2 : Operation 43 [1/1] (2.57ns)   --->   "%r_V_38 = ashr i88 %p_Val2_40, %zext_ln1253" [r:/builds/2019.1/continuous/2019_05_24_2552052/src/products/hls/hls_lib/hlsmath/include/FloatingPoint\hls_cordic.h:190->r:/builds/2019.1/continuous/2019_05_24_2552052/src/products/hls/hls_lib/hlsmath/include/FloatingPoint\hls_cordic.h:620]   --->   Operation 43 'ashr' 'r_V_38' <Predicate = (!icmp_ln167)> <Delay = 2.57> <Core = "Shift">   --->   Core 28 'Shift' <Latency = 0> <II = 1> <Delay = 2.56> <FuncUnit> <Opcode : 'shl' 'lshr' 'ashr'> <InPorts = 2> <OutPorts = 1>
ST_2 : Operation 44 [1/1] (0.00ns)   --->   "%tmp_11 = call i1 @_ssdm_op_BitSelect.i1.i88.i32(i88 %p_Val2_28, i32 87)" [r:/builds/2019.1/continuous/2019_05_24_2552052/src/products/hls/hls_lib/hlsmath/include/FloatingPoint\hls_cordic.h:191->r:/builds/2019.1/continuous/2019_05_24_2552052/src/products/hls/hls_lib/hlsmath/include/FloatingPoint\hls_cordic.h:620]   --->   Operation 44 'bitselect' 'tmp_11' <Predicate = (!icmp_ln167)> <Delay = 0.00>
ST_2 : Operation 45 [1/1] (0.00ns)   --->   "%rbegin1 = call i32 (...)* @_ssdm_op_SpecRegionBegin([131 x i8]* @cordic_KD_KD_addsu) nounwind" [r:/builds/2019.1/continuous/2019_05_24_2552052/src/products/hls/hls_lib/hlsmath/include/FloatingPoint\hls_cordic.h:191->r:/builds/2019.1/continuous/2019_05_24_2552052/src/products/hls/hls_lib/hlsmath/include/FloatingPoint\hls_cordic.h:620]   --->   Operation 45 'specregionbegin' 'rbegin1' <Predicate = (!icmp_ln167)> <Delay = 0.00>
ST_2 : Operation 46 [1/1] (0.00ns)   --->   "call void (...)* @_ssdm_op_SpecLatency(i32 0, i32 0, [1 x i8]* @p_str51) nounwind" [r:/builds/2019.1/continuous/2019_05_24_2552052/src/products/hls/hls_lib/hlsmath/include/FloatingPoint\hls_cordic.h:127->r:/builds/2019.1/continuous/2019_05_24_2552052/src/products/hls/hls_lib/hlsmath/include/FloatingPoint\hls_cordic.h:191->r:/builds/2019.1/continuous/2019_05_24_2552052/src/products/hls/hls_lib/hlsmath/include/FloatingPoint\hls_cordic.h:620]   --->   Operation 46 'speclatency' <Predicate = (!icmp_ln167)> <Delay = 0.00>
ST_2 : Operation 47 [1/1] (2.04ns)   --->   "%sub_ln130_1 = sub i88 %p_Val2_28, %r_V_38" [r:/builds/2019.1/continuous/2019_05_24_2552052/src/products/hls/hls_lib/hlsmath/include/FloatingPoint\hls_cordic.h:130->r:/builds/2019.1/continuous/2019_05_24_2552052/src/products/hls/hls_lib/hlsmath/include/FloatingPoint\hls_cordic.h:191->r:/builds/2019.1/continuous/2019_05_24_2552052/src/products/hls/hls_lib/hlsmath/include/FloatingPoint\hls_cordic.h:620]   --->   Operation 47 'sub' 'sub_ln130_1' <Predicate = (!icmp_ln167)> <Delay = 2.04> <Core = "AddSub">   --->   Core 14 'AddSub' <Latency = 0> <II = 1> <Delay = 1.72> <FuncUnit> <Opcode : 'add' 'sub'> <InPorts = 2> <OutPorts = 1>
ST_2 : Operation 48 [1/1] (2.04ns)   --->   "%add_ln130_1 = add i88 %p_Val2_28, %r_V_38" [r:/builds/2019.1/continuous/2019_05_24_2552052/src/products/hls/hls_lib/hlsmath/include/FloatingPoint\hls_cordic.h:130->r:/builds/2019.1/continuous/2019_05_24_2552052/src/products/hls/hls_lib/hlsmath/include/FloatingPoint\hls_cordic.h:191->r:/builds/2019.1/continuous/2019_05_24_2552052/src/products/hls/hls_lib/hlsmath/include/FloatingPoint\hls_cordic.h:620]   --->   Operation 48 'add' 'add_ln130_1' <Predicate = (!icmp_ln167)> <Delay = 2.04> <Core = "AddSub">   --->   Core 14 'AddSub' <Latency = 0> <II = 1> <Delay = 1.72> <FuncUnit> <Opcode : 'add' 'sub'> <InPorts = 2> <OutPorts = 1>
ST_2 : Operation 49 [1/1] (0.64ns)   --->   "%ty_V = select i1 %tmp_11, i88 %add_ln130_1, i88 %sub_ln130_1" [r:/builds/2019.1/continuous/2019_05_24_2552052/src/products/hls/hls_lib/hlsmath/include/FloatingPoint\hls_cordic.h:130->r:/builds/2019.1/continuous/2019_05_24_2552052/src/products/hls/hls_lib/hlsmath/include/FloatingPoint\hls_cordic.h:191->r:/builds/2019.1/continuous/2019_05_24_2552052/src/products/hls/hls_lib/hlsmath/include/FloatingPoint\hls_cordic.h:620]   --->   Operation 49 'select' 'ty_V' <Predicate = (!icmp_ln167)> <Delay = 0.64> <Core = "Sel">   --->   Core 26 'Sel' <Latency = 0> <II = 1> <Delay = 0.49> <FuncUnit> <Opcode : 'select'> <InPorts = 3> <OutPorts = 1>
ST_2 : Operation 50 [1/1] (0.00ns)   --->   "%rend42 = call i32 (...)* @_ssdm_op_SpecRegionEnd([131 x i8]* @cordic_KD_KD_addsu, i32 %rbegin1) nounwind" [r:/builds/2019.1/continuous/2019_05_24_2552052/src/products/hls/hls_lib/hlsmath/include/FloatingPoint\hls_cordic.h:191->r:/builds/2019.1/continuous/2019_05_24_2552052/src/products/hls/hls_lib/hlsmath/include/FloatingPoint\hls_cordic.h:620]   --->   Operation 50 'specregionend' 'rend42' <Predicate = (!icmp_ln167)> <Delay = 0.00>
ST_2 : Operation 51 [1/1] (0.00ns)   --->   "%zext_ln192 = zext i7 %ush_1 to i64" [r:/builds/2019.1/continuous/2019_05_24_2552052/src/products/hls/hls_lib/hlsmath/include/FloatingPoint\hls_cordic.h:192->r:/builds/2019.1/continuous/2019_05_24_2552052/src/products/hls/hls_lib/hlsmath/include/FloatingPoint\hls_cordic.h:620]   --->   Operation 51 'zext' 'zext_ln192' <Predicate = (!icmp_ln167)> <Delay = 0.00>
ST_2 : Operation 52 [1/1] (0.00ns)   --->   "%cordic_ctab_table_12_1 = getelementptr [128 x i126]* @cordic_ctab_table_12, i64 0, i64 %zext_ln192" [r:/builds/2019.1/continuous/2019_05_24_2552052/src/products/hls/hls_lib/hlsmath/include/FloatingPoint\hls_cordic.h:192->r:/builds/2019.1/continuous/2019_05_24_2552052/src/products/hls/hls_lib/hlsmath/include/FloatingPoint\hls_cordic.h:620]   --->   Operation 52 'getelementptr' 'cordic_ctab_table_12_1' <Predicate = (!icmp_ln167)> <Delay = 0.00>
ST_2 : Operation 53 [2/2] (2.26ns)   --->   "%p_Val2_48 = load i126* %cordic_ctab_table_12_1, align 16" [r:/builds/2019.1/continuous/2019_05_24_2552052/src/products/hls/hls_lib/hlsmath/include/FloatingPoint\hls_cordic.h:192->r:/builds/2019.1/continuous/2019_05_24_2552052/src/products/hls/hls_lib/hlsmath/include/FloatingPoint\hls_cordic.h:620]   --->   Operation 53 'load' 'p_Val2_48' <Predicate = (!icmp_ln167)> <Delay = 2.26> <Core = "ROM_nP">   --->   Core 52 'ROM_nP' <Latency = 1> <II = 1> <Delay = 2.26> <Storage> <Opcode : 'load'> <Ports = 0> <Width = 126> <Depth = 128> <ROM>
ST_2 : Operation 54 [1/1] (1.54ns)   --->   "%icmp_ln839 = icmp eq i86 %tmp_V_12, 0" [r:/builds/2019.1/continuous/2019_05_24_2552052/src/products/hls/hls_lib/hlsmath/include/FloatingPoint\hls_cordic.h:622]   --->   Operation 54 'icmp' 'icmp_ln839' <Predicate = (icmp_ln167)> <Delay = 1.54> <Core = "Cmp">   --->   Core 25 'Cmp' <Latency = 0> <II = 1> <Delay = 1.28> <FuncUnit> <Opcode : 'icmp'> <InPorts = 2> <OutPorts = 1>
ST_2 : Operation 55 [1/1] (0.90ns)   --->   "br i1 %icmp_ln839, label %_ZNK13ap_fixed_baseILi86ELi1ELb1EL9ap_q_mode5EL9ap_o_mode3ELi0EEcvdEv.exit, label %._crit_edge.0_ifconv" [r:/builds/2019.1/continuous/2019_05_24_2552052/src/products/hls/hls_lib/hlsmath/include/FloatingPoint\hls_cordic.h:622]   --->   Operation 55 'br' <Predicate = (icmp_ln167)> <Delay = 0.90>
ST_2 : Operation 56 [1/1] (0.00ns)   --->   "%p_Result_39 = call i1 @_ssdm_op_BitSelect.i1.i86.i32(i86 %tmp_V_12, i32 85)" [r:/builds/2019.1/continuous/2019_05_24_2552052/src/products/hls/hls_lib/hlsmath/include/FloatingPoint\hls_cordic.h:622]   --->   Operation 56 'bitselect' 'p_Result_39' <Predicate = (icmp_ln167 & !icmp_ln839)> <Delay = 0.00>
ST_2 : Operation 57 [1/1] (2.01ns)   --->   "%tmp_V = sub nsw i86 0, %tmp_V_12" [r:/builds/2019.1/continuous/2019_05_24_2552052/src/products/hls/hls_lib/hlsmath/include/FloatingPoint\hls_cordic.h:622]   --->   Operation 57 'sub' 'tmp_V' <Predicate = (icmp_ln167 & !icmp_ln839)> <Delay = 2.01> <Core = "AddSub">   --->   Core 14 'AddSub' <Latency = 0> <II = 1> <Delay = 1.72> <FuncUnit> <Opcode : 'add' 'sub'> <InPorts = 2> <OutPorts = 1>
ST_2 : Operation 58 [1/1] (0.64ns)   --->   "%tmp_V_13 = select i1 %p_Result_39, i86 %tmp_V, i86 %tmp_V_12" [r:/builds/2019.1/continuous/2019_05_24_2552052/src/products/hls/hls_lib/hlsmath/include/FloatingPoint\hls_cordic.h:622]   --->   Operation 58 'select' 'tmp_V_13' <Predicate = (icmp_ln167 & !icmp_ln839)> <Delay = 0.64> <Core = "Sel">   --->   Core 26 'Sel' <Latency = 0> <II = 1> <Delay = 0.49> <FuncUnit> <Opcode : 'select'> <InPorts = 3> <OutPorts = 1>
ST_2 : Operation 59 [1/1] (0.00ns)   --->   "%p_Result_s = call i64 @_ssdm_op_PartSelect.i64.i86.i32.i32(i86 %tmp_V_13, i32 22, i32 85)" [r:/builds/2019.1/continuous/2019_05_24_2552052/src/products/hls/hls_lib/hlsmath/include/FloatingPoint\hls_cordic.h:622]   --->   Operation 59 'partselect' 'p_Result_s' <Predicate = (icmp_ln167 & !icmp_ln839)> <Delay = 0.00>
ST_2 : Operation 60 [1/1] (2.22ns)   --->   "%tmp_4 = call i64 @llvm.ctlz.i64(i64 %p_Result_s, i1 true) nounwind" [r:/builds/2019.1/continuous/2019_05_24_2552052/src/products/hls/hls_lib/hlsmath/include/FloatingPoint\hls_cordic.h:622]   --->   Operation 60 'ctlz' 'tmp_4' <Predicate = (icmp_ln167 & !icmp_ln839)> <Delay = 2.22> <Core = "CTLZ">   --->   Core 63 'CTLZ' <Latency = 0> <II = 1> <Delay = 2.22> <FuncUnit> <Opcode : 'ctlz'> <InPorts = 1> <OutPorts = 1>
ST_2 : Operation 61 [1/1] (0.00ns)   --->   "%trunc_ln1028 = trunc i64 %tmp_4 to i32" [r:/builds/2019.1/continuous/2019_05_24_2552052/src/products/hls/hls_lib/hlsmath/include/FloatingPoint\hls_cordic.h:622]   --->   Operation 61 'trunc' 'trunc_ln1028' <Predicate = (icmp_ln167 & !icmp_ln839)> <Delay = 0.00>
ST_2 : Operation 62 [1/1] (1.43ns)   --->   "%icmp_ln1029 = icmp eq i64 %p_Result_s, 0" [r:/builds/2019.1/continuous/2019_05_24_2552052/src/products/hls/hls_lib/hlsmath/include/FloatingPoint\hls_cordic.h:622]   --->   Operation 62 'icmp' 'icmp_ln1029' <Predicate = (icmp_ln167 & !icmp_ln839)> <Delay = 1.43> <Core = "Cmp">   --->   Core 25 'Cmp' <Latency = 0> <II = 1> <Delay = 1.28> <FuncUnit> <Opcode : 'icmp'> <InPorts = 2> <OutPorts = 1>
ST_2 : Operation 63 [1/1] (0.00ns)   --->   "%trunc_ln1035 = trunc i86 %tmp_V_13 to i22" [r:/builds/2019.1/continuous/2019_05_24_2552052/src/products/hls/hls_lib/hlsmath/include/FloatingPoint\hls_cordic.h:622]   --->   Operation 63 'trunc' 'trunc_ln1035' <Predicate = (icmp_ln167 & !icmp_ln839)> <Delay = 0.00>
ST_2 : Operation 64 [1/1] (0.00ns)   --->   "%p_Result_40 = call i64 @_ssdm_op_BitConcatenate.i64.i22.i42(i22 %trunc_ln1035, i42 -1)" [r:/builds/2019.1/continuous/2019_05_24_2552052/src/products/hls/hls_lib/hlsmath/include/FloatingPoint\hls_cordic.h:622]   --->   Operation 64 'bitconcatenate' 'p_Result_40' <Predicate = (icmp_ln167 & !icmp_ln839)> <Delay = 0.00>
ST_2 : Operation 65 [1/1] (2.22ns)   --->   "%tmp = call i64 @llvm.ctlz.i64(i64 %p_Result_40, i1 true) nounwind" [r:/builds/2019.1/continuous/2019_05_24_2552052/src/products/hls/hls_lib/hlsmath/include/FloatingPoint\hls_cordic.h:622]   --->   Operation 65 'ctlz' 'tmp' <Predicate = (icmp_ln167 & !icmp_ln839)> <Delay = 2.22> <Core = "CTLZ">   --->   Core 63 'CTLZ' <Latency = 0> <II = 1> <Delay = 2.22> <FuncUnit> <Opcode : 'ctlz'> <InPorts = 1> <OutPorts = 1>
ST_2 : Operation 66 [1/1] (0.00ns)   --->   "%trunc_ln1037 = trunc i64 %tmp to i32" [r:/builds/2019.1/continuous/2019_05_24_2552052/src/products/hls/hls_lib/hlsmath/include/FloatingPoint\hls_cordic.h:622]   --->   Operation 66 'trunc' 'trunc_ln1037' <Predicate = (icmp_ln167 & !icmp_ln839)> <Delay = 0.00>
ST_2 : Operation 67 [1/1] (1.51ns)   --->   "%NZeros = add nsw i32 %trunc_ln1028, %trunc_ln1037" [r:/builds/2019.1/continuous/2019_05_24_2552052/src/products/hls/hls_lib/hlsmath/include/FloatingPoint\hls_cordic.h:622]   --->   Operation 67 'add' 'NZeros' <Predicate = (icmp_ln167 & !icmp_ln839)> <Delay = 1.51> <Core = "AddSub">   --->   Core 14 'AddSub' <Latency = 0> <II = 1> <Delay = 1.72> <FuncUnit> <Opcode : 'add' 'sub'> <InPorts = 2> <OutPorts = 1>
ST_2 : Operation 68 [1/1] (0.49ns)   --->   "%l = select i1 %icmp_ln1029, i32 %NZeros, i32 %trunc_ln1028" [r:/builds/2019.1/continuous/2019_05_24_2552052/src/products/hls/hls_lib/hlsmath/include/FloatingPoint\hls_cordic.h:622]   --->   Operation 68 'select' 'l' <Predicate = (icmp_ln167 & !icmp_ln839)> <Delay = 0.49> <Core = "Sel">   --->   Core 26 'Sel' <Latency = 0> <II = 1> <Delay = 0.49> <FuncUnit> <Opcode : 'select'> <InPorts = 3> <OutPorts = 1>
ST_2 : Operation 69 [1/1] (1.51ns)   --->   "%sub_ln848 = sub nsw i32 86, %l" [r:/builds/2019.1/continuous/2019_05_24_2552052/src/products/hls/hls_lib/hlsmath/include/FloatingPoint\hls_cordic.h:622]   --->   Operation 69 'sub' 'sub_ln848' <Predicate = (icmp_ln167 & !icmp_ln839)> <Delay = 1.51> <Core = "AddSub">   --->   Core 14 'AddSub' <Latency = 0> <II = 1> <Delay = 1.72> <FuncUnit> <Opcode : 'add' 'sub'> <InPorts = 2> <OutPorts = 1>
ST_2 : Operation 70 [1/1] (0.00ns)   --->   "%trunc_ln851 = trunc i32 %sub_ln848 to i7" [r:/builds/2019.1/continuous/2019_05_24_2552052/src/products/hls/hls_lib/hlsmath/include/FloatingPoint\hls_cordic.h:622]   --->   Operation 70 'trunc' 'trunc_ln851' <Predicate = (icmp_ln167 & !icmp_ln839)> <Delay = 0.00>
ST_2 : Operation 71 [1/1] (0.00ns)   --->   "%trunc_ln847 = trunc i32 %l to i11" [r:/builds/2019.1/continuous/2019_05_24_2552052/src/products/hls/hls_lib/hlsmath/include/FloatingPoint\hls_cordic.h:622]   --->   Operation 71 'trunc' 'trunc_ln847' <Predicate = (icmp_ln167 & !icmp_ln839)> <Delay = 0.00>

State 3 <SV = 2> <Delay = 6.93>
ST_3 : Operation 72 [1/2] (2.26ns)   --->   "%p_Val2_48 = load i126* %cordic_ctab_table_12_1, align 16" [r:/builds/2019.1/continuous/2019_05_24_2552052/src/products/hls/hls_lib/hlsmath/include/FloatingPoint\hls_cordic.h:192->r:/builds/2019.1/continuous/2019_05_24_2552052/src/products/hls/hls_lib/hlsmath/include/FloatingPoint\hls_cordic.h:620]   --->   Operation 72 'load' 'p_Val2_48' <Predicate = true> <Delay = 2.26> <Core = "ROM_nP">   --->   Core 52 'ROM_nP' <Latency = 1> <II = 1> <Delay = 2.26> <Storage> <Opcode : 'load'> <Ports = 0> <Width = 126> <Depth = 128> <ROM>
ST_3 : Operation 73 [1/1] (0.00ns)   --->   "%trunc_ln667_1 = call i85 @_ssdm_op_PartSelect.i85.i126.i32.i32(i126 %p_Val2_48, i32 41, i32 125)" [r:/builds/2019.1/continuous/2019_05_24_2552052/src/products/hls/hls_lib/hlsmath/include/FloatingPoint\hls_cordic.h:192->r:/builds/2019.1/continuous/2019_05_24_2552052/src/products/hls/hls_lib/hlsmath/include/FloatingPoint\hls_cordic.h:620]   --->   Operation 73 'partselect' 'trunc_ln667_1' <Predicate = true> <Delay = 0.00>
ST_3 : Operation 74 [1/1] (0.00ns)   --->   "%tmp_12 = call i1 @_ssdm_op_BitSelect.i1.i126.i32(i126 %p_Val2_48, i32 40)" [r:/builds/2019.1/continuous/2019_05_24_2552052/src/products/hls/hls_lib/hlsmath/include/FloatingPoint\hls_cordic.h:192->r:/builds/2019.1/continuous/2019_05_24_2552052/src/products/hls/hls_lib/hlsmath/include/FloatingPoint\hls_cordic.h:620]   --->   Operation 74 'bitselect' 'tmp_12' <Predicate = true> <Delay = 0.00>
ST_3 : Operation 75 [1/1] (0.00ns)   --->   "%zext_ln369 = zext i1 %tmp_12 to i85" [r:/builds/2019.1/continuous/2019_05_24_2552052/src/products/hls/hls_lib/hlsmath/include/FloatingPoint\hls_cordic.h:192->r:/builds/2019.1/continuous/2019_05_24_2552052/src/products/hls/hls_lib/hlsmath/include/FloatingPoint\hls_cordic.h:620]   --->   Operation 75 'zext' 'zext_ln369' <Predicate = true> <Delay = 0.00>
ST_3 : Operation 76 [1/1] (2.00ns)   --->   "%p_Val2_51 = add i85 %trunc_ln667_1, %zext_ln369" [r:/builds/2019.1/continuous/2019_05_24_2552052/src/products/hls/hls_lib/hlsmath/include/FloatingPoint\hls_cordic.h:192->r:/builds/2019.1/continuous/2019_05_24_2552052/src/products/hls/hls_lib/hlsmath/include/FloatingPoint\hls_cordic.h:620]   --->   Operation 76 'add' 'p_Val2_51' <Predicate = true> <Delay = 2.00> <Core = "AddSub">   --->   Core 14 'AddSub' <Latency = 0> <II = 1> <Delay = 1.72> <FuncUnit> <Opcode : 'add' 'sub'> <InPorts = 2> <OutPorts = 1>
ST_3 : Operation 77 [1/1] (0.00ns)   --->   "%zext_ln369_1 = zext i85 %p_Val2_51 to i86" [r:/builds/2019.1/continuous/2019_05_24_2552052/src/products/hls/hls_lib/hlsmath/include/FloatingPoint\hls_cordic.h:192->r:/builds/2019.1/continuous/2019_05_24_2552052/src/products/hls/hls_lib/hlsmath/include/FloatingPoint\hls_cordic.h:620]   --->   Operation 77 'zext' 'zext_ln369_1' <Predicate = true> <Delay = 0.00>
ST_3 : Operation 78 [1/1] (0.00ns)   --->   "%rbegin2 = call i32 (...)* @_ssdm_op_SpecRegionBegin([138 x i8]* @cordic_KD_KD_addsu_2) nounwind" [r:/builds/2019.1/continuous/2019_05_24_2552052/src/products/hls/hls_lib/hlsmath/include/FloatingPoint\hls_cordic.h:193->r:/builds/2019.1/continuous/2019_05_24_2552052/src/products/hls/hls_lib/hlsmath/include/FloatingPoint\hls_cordic.h:620]   --->   Operation 78 'specregionbegin' 'rbegin2' <Predicate = true> <Delay = 0.00>
ST_3 : Operation 79 [1/1] (0.00ns)   --->   "call void (...)* @_ssdm_op_SpecLatency(i32 0, i32 0, [1 x i8]* @p_str51) nounwind" [r:/builds/2019.1/continuous/2019_05_24_2552052/src/products/hls/hls_lib/hlsmath/include/FloatingPoint\hls_cordic.h:127->r:/builds/2019.1/continuous/2019_05_24_2552052/src/products/hls/hls_lib/hlsmath/include/FloatingPoint\hls_cordic.h:193->r:/builds/2019.1/continuous/2019_05_24_2552052/src/products/hls/hls_lib/hlsmath/include/FloatingPoint\hls_cordic.h:620]   --->   Operation 79 'speclatency' <Predicate = true> <Delay = 0.00>
ST_3 : Operation 80 [1/1] (2.01ns)   --->   "%sub_ln130_2 = sub i86 %tmp_V_12, %zext_ln369_1" [r:/builds/2019.1/continuous/2019_05_24_2552052/src/products/hls/hls_lib/hlsmath/include/FloatingPoint\hls_cordic.h:130->r:/builds/2019.1/continuous/2019_05_24_2552052/src/products/hls/hls_lib/hlsmath/include/FloatingPoint\hls_cordic.h:193->r:/builds/2019.1/continuous/2019_05_24_2552052/src/products/hls/hls_lib/hlsmath/include/FloatingPoint\hls_cordic.h:620]   --->   Operation 80 'sub' 'sub_ln130_2' <Predicate = (tmp_10)> <Delay = 2.01> <Core = "AddSub">   --->   Core 14 'AddSub' <Latency = 0> <II = 1> <Delay = 1.72> <FuncUnit> <Opcode : 'add' 'sub'> <InPorts = 2> <OutPorts = 1>
ST_3 : Operation 81 [1/1] (2.01ns)   --->   "%add_ln130_2 = add i86 %tmp_V_12, %zext_ln369_1" [r:/builds/2019.1/continuous/2019_05_24_2552052/src/products/hls/hls_lib/hlsmath/include/FloatingPoint\hls_cordic.h:130->r:/builds/2019.1/continuous/2019_05_24_2552052/src/products/hls/hls_lib/hlsmath/include/FloatingPoint\hls_cordic.h:193->r:/builds/2019.1/continuous/2019_05_24_2552052/src/products/hls/hls_lib/hlsmath/include/FloatingPoint\hls_cordic.h:620]   --->   Operation 81 'add' 'add_ln130_2' <Predicate = (!tmp_10)> <Delay = 2.01> <Core = "AddSub">   --->   Core 14 'AddSub' <Latency = 0> <II = 1> <Delay = 1.72> <FuncUnit> <Opcode : 'add' 'sub'> <InPorts = 2> <OutPorts = 1>
ST_3 : Operation 82 [1/1] (0.64ns)   --->   "%tz_V = select i1 %tmp_10, i86 %sub_ln130_2, i86 %add_ln130_2" [r:/builds/2019.1/continuous/2019_05_24_2552052/src/products/hls/hls_lib/hlsmath/include/FloatingPoint\hls_cordic.h:130->r:/builds/2019.1/continuous/2019_05_24_2552052/src/products/hls/hls_lib/hlsmath/include/FloatingPoint\hls_cordic.h:193->r:/builds/2019.1/continuous/2019_05_24_2552052/src/products/hls/hls_lib/hlsmath/include/FloatingPoint\hls_cordic.h:620]   --->   Operation 82 'select' 'tz_V' <Predicate = true> <Delay = 0.64> <Core = "Sel">   --->   Core 26 'Sel' <Latency = 0> <II = 1> <Delay = 0.49> <FuncUnit> <Opcode : 'select'> <InPorts = 3> <OutPorts = 1>
ST_3 : Operation 83 [1/1] (0.00ns)   --->   "%rend47 = call i32 (...)* @_ssdm_op_SpecRegionEnd([138 x i8]* @cordic_KD_KD_addsu_2, i32 %rbegin2) nounwind" [r:/builds/2019.1/continuous/2019_05_24_2552052/src/products/hls/hls_lib/hlsmath/include/FloatingPoint\hls_cordic.h:193->r:/builds/2019.1/continuous/2019_05_24_2552052/src/products/hls/hls_lib/hlsmath/include/FloatingPoint\hls_cordic.h:620]   --->   Operation 83 'specregionend' 'rend47' <Predicate = true> <Delay = 0.00>
ST_3 : Operation 84 [1/1] (0.00ns)   --->   "br label %1" [r:/builds/2019.1/continuous/2019_05_24_2552052/src/products/hls/hls_lib/hlsmath/include/FloatingPoint\hls_cordic.h:167->r:/builds/2019.1/continuous/2019_05_24_2552052/src/products/hls/hls_lib/hlsmath/include/FloatingPoint\hls_cordic.h:620]   --->   Operation 84 'br' <Predicate = true> <Delay = 0.00>

State 4 <SV = 2> <Delay = 8.59>
ST_4 : Operation 85 [1/1] (1.51ns)   --->   "%lsb_index = add nsw i32 -53, %sub_ln848" [r:/builds/2019.1/continuous/2019_05_24_2552052/src/products/hls/hls_lib/hlsmath/include/FloatingPoint\hls_cordic.h:622]   --->   Operation 85 'add' 'lsb_index' <Predicate = true> <Delay = 1.51> <Core = "AddSub">   --->   Core 14 'AddSub' <Latency = 0> <II = 1> <Delay = 1.72> <FuncUnit> <Opcode : 'add' 'sub'> <InPorts = 2> <OutPorts = 1>
ST_4 : Operation 86 [1/1] (0.00ns)   --->   "%tmp_14 = call i31 @_ssdm_op_PartSelect.i31.i32.i32.i32(i32 %lsb_index, i32 1, i32 31)" [r:/builds/2019.1/continuous/2019_05_24_2552052/src/products/hls/hls_lib/hlsmath/include/FloatingPoint\hls_cordic.h:622]   --->   Operation 86 'partselect' 'tmp_14' <Predicate = true> <Delay = 0.00>
ST_4 : Operation 87 [1/1] (1.28ns)   --->   "%icmp_ln851 = icmp sgt i31 %tmp_14, 0" [r:/builds/2019.1/continuous/2019_05_24_2552052/src/products/hls/hls_lib/hlsmath/include/FloatingPoint\hls_cordic.h:622]   --->   Operation 87 'icmp' 'icmp_ln851' <Predicate = true> <Delay = 1.28> <Core = "Cmp">   --->   Core 25 'Cmp' <Latency = 0> <II = 1> <Delay = 1.28> <FuncUnit> <Opcode : 'icmp'> <InPorts = 2> <OutPorts = 1>
ST_4 : Operation 88 [1/1] (1.27ns)   --->   "%sub_ln851 = sub i7 12, %trunc_ln851" [r:/builds/2019.1/continuous/2019_05_24_2552052/src/products/hls/hls_lib/hlsmath/include/FloatingPoint\hls_cordic.h:622]   --->   Operation 88 'sub' 'sub_ln851' <Predicate = true> <Delay = 1.27> <Core = "AddSub">   --->   Core 14 'AddSub' <Latency = 0> <II = 1> <Delay = 1.72> <FuncUnit> <Opcode : 'add' 'sub'> <InPorts = 2> <OutPorts = 1>
ST_4 : Operation 89 [1/1] (0.00ns) (grouped into LUT with out node icmp_ln851_1)   --->   "%zext_ln851 = zext i7 %sub_ln851 to i86" [r:/builds/2019.1/continuous/2019_05_24_2552052/src/products/hls/hls_lib/hlsmath/include/FloatingPoint\hls_cordic.h:622]   --->   Operation 89 'zext' 'zext_ln851' <Predicate = true> <Delay = 0.00>
ST_4 : Operation 90 [1/1] (0.00ns) (grouped into LUT with out node icmp_ln851_1)   --->   "%lshr_ln851 = lshr i86 -1, %zext_ln851" [r:/builds/2019.1/continuous/2019_05_24_2552052/src/products/hls/hls_lib/hlsmath/include/FloatingPoint\hls_cordic.h:622]   --->   Operation 90 'lshr' 'lshr_ln851' <Predicate = true> <Delay = 0.00> <Core = "Shift">   --->   Core 28 'Shift' <Latency = 0> <II = 1> <Delay = 2.56> <FuncUnit> <Opcode : 'shl' 'lshr' 'ashr'> <InPorts = 2> <OutPorts = 1>
ST_4 : Operation 91 [1/1] (0.00ns) (grouped into LUT with out node icmp_ln851_1)   --->   "%p_Result_37 = and i86 %tmp_V_13, %lshr_ln851" [r:/builds/2019.1/continuous/2019_05_24_2552052/src/products/hls/hls_lib/hlsmath/include/FloatingPoint\hls_cordic.h:622]   --->   Operation 91 'and' 'p_Result_37' <Predicate = true> <Delay = 0.00> <Core = "LogicGate">   --->   Core 27 'LogicGate' <Latency = 0> <II = 1> <Delay = 0.47> <FuncUnit> <Opcode : 'and' 'or' 'xor'> <InPorts = 2> <OutPorts = 1>
ST_4 : Operation 92 [1/1] (1.79ns) (out node of the LUT)   --->   "%icmp_ln851_1 = icmp ne i86 %p_Result_37, 0" [r:/builds/2019.1/continuous/2019_05_24_2552052/src/products/hls/hls_lib/hlsmath/include/FloatingPoint\hls_cordic.h:622]   --->   Operation 92 'icmp' 'icmp_ln851_1' <Predicate = true> <Delay = 1.79> <Core = "Cmp">   --->   Core 25 'Cmp' <Latency = 0> <II = 1> <Delay = 1.28> <FuncUnit> <Opcode : 'icmp'> <InPorts = 2> <OutPorts = 1>
ST_4 : Operation 93 [1/1] (0.00ns) (grouped into LUT with out node or_ln)   --->   "%a = and i1 %icmp_ln851, %icmp_ln851_1" [r:/builds/2019.1/continuous/2019_05_24_2552052/src/products/hls/hls_lib/hlsmath/include/FloatingPoint\hls_cordic.h:622]   --->   Operation 93 'and' 'a' <Predicate = true> <Delay = 0.00> <Core = "LogicGate">   --->   Core 27 'LogicGate' <Latency = 0> <II = 1> <Delay = 0.47> <FuncUnit> <Opcode : 'and' 'or' 'xor'> <InPorts = 2> <OutPorts = 1>
ST_4 : Operation 94 [1/1] (0.00ns) (grouped into LUT with out node or_ln)   --->   "%tmp_15 = call i1 @_ssdm_op_BitSelect.i1.i32.i32(i32 %lsb_index, i32 31)" [r:/builds/2019.1/continuous/2019_05_24_2552052/src/products/hls/hls_lib/hlsmath/include/FloatingPoint\hls_cordic.h:622]   --->   Operation 94 'bitselect' 'tmp_15' <Predicate = true> <Delay = 0.00>
ST_4 : Operation 95 [1/1] (0.00ns) (grouped into LUT with out node or_ln)   --->   "%xor_ln853 = xor i1 %tmp_15, true" [r:/builds/2019.1/continuous/2019_05_24_2552052/src/products/hls/hls_lib/hlsmath/include/FloatingPoint\hls_cordic.h:622]   --->   Operation 95 'xor' 'xor_ln853' <Predicate = true> <Delay = 0.00> <Core = "LogicGate">   --->   Core 27 'LogicGate' <Latency = 0> <II = 1> <Delay = 0.47> <FuncUnit> <Opcode : 'and' 'or' 'xor'> <InPorts = 2> <OutPorts = 1>
ST_4 : Operation 96 [1/1] (0.00ns) (grouped into LUT with out node or_ln)   --->   "%p_Result_5 = call i1 @_ssdm_op_BitSelect.i1.i86.i32(i86 %tmp_V_13, i32 %lsb_index)" [r:/builds/2019.1/continuous/2019_05_24_2552052/src/products/hls/hls_lib/hlsmath/include/FloatingPoint\hls_cordic.h:622]   --->   Operation 96 'bitselect' 'p_Result_5' <Predicate = true> <Delay = 0.00>
ST_4 : Operation 97 [1/1] (0.00ns) (grouped into LUT with out node or_ln)   --->   "%and_ln853 = and i1 %p_Result_5, %xor_ln853" [r:/builds/2019.1/continuous/2019_05_24_2552052/src/products/hls/hls_lib/hlsmath/include/FloatingPoint\hls_cordic.h:622]   --->   Operation 97 'and' 'and_ln853' <Predicate = true> <Delay = 0.00> <Core = "LogicGate">   --->   Core 27 'LogicGate' <Latency = 0> <II = 1> <Delay = 0.47> <FuncUnit> <Opcode : 'and' 'or' 'xor'> <InPorts = 2> <OutPorts = 1>
ST_4 : Operation 98 [1/1] (0.00ns) (grouped into LUT with out node or_ln)   --->   "%or_ln853 = or i1 %and_ln853, %a" [r:/builds/2019.1/continuous/2019_05_24_2552052/src/products/hls/hls_lib/hlsmath/include/FloatingPoint\hls_cordic.h:622]   --->   Operation 98 'or' 'or_ln853' <Predicate = true> <Delay = 0.00> <Core = "LogicGate">   --->   Core 27 'LogicGate' <Latency = 0> <II = 1> <Delay = 0.47> <FuncUnit> <Opcode : 'and' 'or' 'xor'> <InPorts = 2> <OutPorts = 1>
ST_4 : Operation 99 [1/1] (0.47ns) (out node of the LUT)   --->   "%or_ln = call i32 @_ssdm_op_BitConcatenate.i32.i31.i1(i31 0, i1 %or_ln853)" [r:/builds/2019.1/continuous/2019_05_24_2552052/src/products/hls/hls_lib/hlsmath/include/FloatingPoint\hls_cordic.h:622]   --->   Operation 99 'bitconcatenate' 'or_ln' <Predicate = true> <Delay = 0.47>
ST_4 : Operation 100 [1/1] (1.28ns)   --->   "%icmp_ln858 = icmp sgt i32 %lsb_index, 0" [r:/builds/2019.1/continuous/2019_05_24_2552052/src/products/hls/hls_lib/hlsmath/include/FloatingPoint\hls_cordic.h:622]   --->   Operation 100 'icmp' 'icmp_ln858' <Predicate = true> <Delay = 1.28> <Core = "Cmp">   --->   Core 25 'Cmp' <Latency = 0> <II = 1> <Delay = 1.28> <FuncUnit> <Opcode : 'icmp'> <InPorts = 2> <OutPorts = 1>
ST_4 : Operation 101 [1/1] (1.51ns)   --->   "%add_ln858 = add nsw i32 -54, %sub_ln848" [r:/builds/2019.1/continuous/2019_05_24_2552052/src/products/hls/hls_lib/hlsmath/include/FloatingPoint\hls_cordic.h:622]   --->   Operation 101 'add' 'add_ln858' <Predicate = true> <Delay = 1.51> <Core = "AddSub">   --->   Core 14 'AddSub' <Latency = 0> <II = 1> <Delay = 1.72> <FuncUnit> <Opcode : 'add' 'sub'> <InPorts = 2> <OutPorts = 1>
ST_4 : Operation 102 [1/1] (0.00ns) (grouped into LUT with out node m_1)   --->   "%zext_ln858 = zext i32 %add_ln858 to i86" [r:/builds/2019.1/continuous/2019_05_24_2552052/src/products/hls/hls_lib/hlsmath/include/FloatingPoint\hls_cordic.h:622]   --->   Operation 102 'zext' 'zext_ln858' <Predicate = true> <Delay = 0.00>
ST_4 : Operation 103 [1/1] (0.00ns) (grouped into LUT with out node m_1)   --->   "%lshr_ln858 = lshr i86 %tmp_V_13, %zext_ln858" [r:/builds/2019.1/continuous/2019_05_24_2552052/src/products/hls/hls_lib/hlsmath/include/FloatingPoint\hls_cordic.h:622]   --->   Operation 103 'lshr' 'lshr_ln858' <Predicate = true> <Delay = 0.00> <Core = "Shift">   --->   Core 28 'Shift' <Latency = 0> <II = 1> <Delay = 2.56> <FuncUnit> <Opcode : 'shl' 'lshr' 'ashr'> <InPorts = 2> <OutPorts = 1>
ST_4 : Operation 104 [1/1] (1.51ns)   --->   "%sub_ln858 = sub i32 54, %sub_ln848" [r:/builds/2019.1/continuous/2019_05_24_2552052/src/products/hls/hls_lib/hlsmath/include/FloatingPoint\hls_cordic.h:622]   --->   Operation 104 'sub' 'sub_ln858' <Predicate = true> <Delay = 1.51> <Core = "AddSub">   --->   Core 14 'AddSub' <Latency = 0> <II = 1> <Delay = 1.72> <FuncUnit> <Opcode : 'add' 'sub'> <InPorts = 2> <OutPorts = 1>
ST_4 : Operation 105 [1/1] (0.00ns) (grouped into LUT with out node m_1)   --->   "%zext_ln858_1 = zext i32 %sub_ln858 to i86" [r:/builds/2019.1/continuous/2019_05_24_2552052/src/products/hls/hls_lib/hlsmath/include/FloatingPoint\hls_cordic.h:622]   --->   Operation 105 'zext' 'zext_ln858_1' <Predicate = true> <Delay = 0.00>
ST_4 : Operation 106 [1/1] (0.00ns) (grouped into LUT with out node m_1)   --->   "%shl_ln858 = shl i86 %tmp_V_13, %zext_ln858_1" [r:/builds/2019.1/continuous/2019_05_24_2552052/src/products/hls/hls_lib/hlsmath/include/FloatingPoint\hls_cordic.h:622]   --->   Operation 106 'shl' 'shl_ln858' <Predicate = true> <Delay = 0.00> <Core = "Shift">   --->   Core 28 'Shift' <Latency = 0> <II = 1> <Delay = 2.56> <FuncUnit> <Opcode : 'shl' 'lshr' 'ashr'> <InPorts = 2> <OutPorts = 1>
ST_4 : Operation 107 [1/1] (0.00ns) (grouped into LUT with out node m_1)   --->   "%trunc_ln858 = trunc i86 %lshr_ln858 to i64" [r:/builds/2019.1/continuous/2019_05_24_2552052/src/products/hls/hls_lib/hlsmath/include/FloatingPoint\hls_cordic.h:622]   --->   Operation 107 'trunc' 'trunc_ln858' <Predicate = true> <Delay = 0.00>
ST_4 : Operation 108 [1/1] (0.00ns) (grouped into LUT with out node m_1)   --->   "%trunc_ln858_1 = trunc i86 %shl_ln858 to i64" [r:/builds/2019.1/continuous/2019_05_24_2552052/src/products/hls/hls_lib/hlsmath/include/FloatingPoint\hls_cordic.h:622]   --->   Operation 108 'trunc' 'trunc_ln858_1' <Predicate = true> <Delay = 0.00>
ST_4 : Operation 109 [1/1] (0.00ns) (grouped into LUT with out node m_1)   --->   "%m = select i1 %icmp_ln858, i64 %trunc_ln858, i64 %trunc_ln858_1" [r:/builds/2019.1/continuous/2019_05_24_2552052/src/products/hls/hls_lib/hlsmath/include/FloatingPoint\hls_cordic.h:622]   --->   Operation 109 'select' 'm' <Predicate = true> <Delay = 0.00> <Core = "Sel">   --->   Core 26 'Sel' <Latency = 0> <II = 1> <Delay = 0.49> <FuncUnit> <Opcode : 'select'> <InPorts = 3> <OutPorts = 1>
ST_4 : Operation 110 [1/1] (0.00ns) (grouped into LUT with out node m_1)   --->   "%zext_ln865 = zext i32 %or_ln to i64" [r:/builds/2019.1/continuous/2019_05_24_2552052/src/products/hls/hls_lib/hlsmath/include/FloatingPoint\hls_cordic.h:622]   --->   Operation 110 'zext' 'zext_ln865' <Predicate = true> <Delay = 0.00>
ST_4 : Operation 111 [1/1] (2.56ns) (out node of the LUT)   --->   "%m_1 = add i64 %m, %zext_ln865" [r:/builds/2019.1/continuous/2019_05_24_2552052/src/products/hls/hls_lib/hlsmath/include/FloatingPoint\hls_cordic.h:622]   --->   Operation 111 'add' 'm_1' <Predicate = true> <Delay = 2.56> <Core = "AddSub">   --->   Core 14 'AddSub' <Latency = 0> <II = 1> <Delay = 1.72> <FuncUnit> <Opcode : 'add' 'sub'> <InPorts = 2> <OutPorts = 1>
ST_4 : Operation 112 [1/1] (0.00ns)   --->   "%m_4 = call i63 @_ssdm_op_PartSelect.i63.i64.i32.i32(i64 %m_1, i32 1, i32 63)" [r:/builds/2019.1/continuous/2019_05_24_2552052/src/products/hls/hls_lib/hlsmath/include/FloatingPoint\hls_cordic.h:622]   --->   Operation 112 'partselect' 'm_4' <Predicate = true> <Delay = 0.00>
ST_4 : Operation 113 [1/1] (0.00ns)   --->   "%m_5 = zext i63 %m_4 to i64" [r:/builds/2019.1/continuous/2019_05_24_2552052/src/products/hls/hls_lib/hlsmath/include/FloatingPoint\hls_cordic.h:622]   --->   Operation 113 'zext' 'm_5' <Predicate = true> <Delay = 0.00>
ST_4 : Operation 114 [1/1] (0.00ns)   --->   "%tmp_16 = call i1 @_ssdm_op_BitSelect.i1.i64.i32(i64 %m_1, i32 54)" [r:/builds/2019.1/continuous/2019_05_24_2552052/src/products/hls/hls_lib/hlsmath/include/FloatingPoint\hls_cordic.h:622]   --->   Operation 114 'bitselect' 'tmp_16' <Predicate = true> <Delay = 0.00>
ST_4 : Operation 115 [1/1] (0.49ns)   --->   "%select_ln869 = select i1 %tmp_16, i11 1023, i11 1022" [r:/builds/2019.1/continuous/2019_05_24_2552052/src/products/hls/hls_lib/hlsmath/include/FloatingPoint\hls_cordic.h:622]   --->   Operation 115 'select' 'select_ln869' <Predicate = true> <Delay = 0.49> <Core = "Sel">   --->   Core 26 'Sel' <Latency = 0> <II = 1> <Delay = 0.49> <FuncUnit> <Opcode : 'select'> <InPorts = 3> <OutPorts = 1>
ST_4 : Operation 116 [1/1] (0.00ns) (grouped into TernaryAdder)   --->   "%sub_ln869 = sub i11 1, %trunc_ln847" [r:/builds/2019.1/continuous/2019_05_24_2552052/src/products/hls/hls_lib/hlsmath/include/FloatingPoint\hls_cordic.h:622]   --->   Operation 116 'sub' 'sub_ln869' <Predicate = true> <Delay = 0.00> <Core = "TAddSub">   --->   Core 83 'TAddSub' <Latency = 0> <II = 1> <Delay = 0.99> <IPBlock> <Opcode : 'add' 'sub'> <InPorts = 3> <OutPorts = 1> <Sync> <CReg>
ST_4 : Operation 117 [1/1] (1.98ns) (root node of TernaryAdder)   --->   "%add_ln869 = add i11 %select_ln869, %sub_ln869" [r:/builds/2019.1/continuous/2019_05_24_2552052/src/products/hls/hls_lib/hlsmath/include/FloatingPoint\hls_cordic.h:622]   --->   Operation 117 'add' 'add_ln869' <Predicate = true> <Delay = 1.98> <Core = "TAddSub">   --->   Core 83 'TAddSub' <Latency = 0> <II = 1> <Delay = 0.99> <IPBlock> <Opcode : 'add' 'sub'> <InPorts = 3> <OutPorts = 1> <Sync> <CReg>
ST_4 : Operation 118 [1/1] (0.00ns)   --->   "%tmp_9 = call i12 @_ssdm_op_BitConcatenate.i12.i1.i11(i1 %p_Result_39, i11 %add_ln869)" [r:/builds/2019.1/continuous/2019_05_24_2552052/src/products/hls/hls_lib/hlsmath/include/FloatingPoint\hls_cordic.h:622]   --->   Operation 118 'bitconcatenate' 'tmp_9' <Predicate = true> <Delay = 0.00>
ST_4 : Operation 119 [1/1] (0.00ns)   --->   "%p_Result_41 = call i64 @_ssdm_op_PartSet.i64.i64.i12.i32.i32(i64 %m_5, i12 %tmp_9, i32 52, i32 63)" [r:/builds/2019.1/continuous/2019_05_24_2552052/src/products/hls/hls_lib/hlsmath/include/FloatingPoint\hls_cordic.h:622]   --->   Operation 119 'partset' 'p_Result_41' <Predicate = true> <Delay = 0.00>

State 5 <SV = 3> <Delay = 0.90>
ST_5 : Operation 120 [1/1] (0.00ns)   --->   "%bitcast_ln683 = bitcast i64 %p_Result_41 to double" [r:/builds/2019.1/continuous/2019_05_24_2552052/src/products/hls/hls_lib/hlsmath/include/FloatingPoint\hls_cordic.h:622]   --->   Operation 120 'bitcast' 'bitcast_ln683' <Predicate = (!icmp_ln849 & !icmp_ln839)> <Delay = 0.00>
ST_5 : Operation 121 [1/1] (0.90ns)   --->   "br label %_ZNK13ap_fixed_baseILi86ELi1ELb1EL9ap_q_mode5EL9ap_o_mode3ELi0EEcvdEv.exit" [r:/builds/2019.1/continuous/2019_05_24_2552052/src/products/hls/hls_lib/hlsmath/include/FloatingPoint\hls_cordic.h:622]   --->   Operation 121 'br' <Predicate = (!icmp_ln849 & !icmp_ln839)> <Delay = 0.90>
ST_5 : Operation 122 [1/1] (0.00ns)   --->   "%p_071 = phi double [ %bitcast_ln683, %._crit_edge.0_ifconv ], [ %t_in_read, %0 ], [ 0.000000e+00, %"cordic_circ_v1<88, 1, 0, 0, 88, 3, 86, 1>.exit" ]" [r:/builds/2019.1/continuous/2019_05_24_2552052/src/products/hls/hls_lib/hlsmath/include/FloatingPoint\hls_cordic.h:622]   --->   Operation 122 'phi' 'p_071' <Predicate = true> <Delay = 0.00>
ST_5 : Operation 123 [1/1] (0.00ns)   --->   "ret double %p_071" [r:/builds/2019.1/continuous/2019_05_24_2552052/src/products/hls/hls_lib/hlsmath/include/FloatingPoint\hls_cordic.h:623]   --->   Operation 123 'ret' <Predicate = true> <Delay = 0.00>


============================================================
+ Verbose Summary: Timing violations
============================================================
Target clock period: 10ns, clock uncertainty: 1.25ns.

 <State 1>: 4.55ns
The critical path consists of the following:
	wire read on port 't_in' (r:/builds/2019.1/continuous/2019_05_24_2552052/src/products/hls/hls_lib/hlsmath/include/FloatingPoint\hls_cordic.h:577) [3]  (0 ns)
	'sub' operation ('sub_ln1311', r:/builds/2019.1/continuous/2019_05_24_2552052/src/products/hls/hls_lib/hlsmath/include/FloatingPoint\hls_cordic.h:609) [14]  (1.35 ns)
	'select' operation ('exp', r:/builds/2019.1/continuous/2019_05_24_2552052/src/products/hls/hls_lib/hlsmath/include/FloatingPoint\hls_cordic.h:609) [16]  (0.625 ns)
	'shl' operation ('r.V', r:/builds/2019.1/continuous/2019_05_24_2552052/src/products/hls/hls_lib/hlsmath/include/FloatingPoint\hls_cordic.h:609) [20]  (0 ns)
	'select' operation ('r.V', r:/builds/2019.1/continuous/2019_05_24_2552052/src/products/hls/hls_lib/hlsmath/include/FloatingPoint\hls_cordic.h:609) [21]  (2.57 ns)

 <State 2>: 8.41ns
The critical path consists of the following:
	'phi' operation ('tz.V') with incoming values : ('tz.V', r:/builds/2019.1/continuous/2019_05_24_2552052/src/products/hls/hls_lib/hlsmath/include/FloatingPoint\hls_cordic.h:130->r:/builds/2019.1/continuous/2019_05_24_2552052/src/products/hls/hls_lib/hlsmath/include/FloatingPoint\hls_cordic.h:193->r:/builds/2019.1/continuous/2019_05_24_2552052/src/products/hls/hls_lib/hlsmath/include/FloatingPoint\hls_cordic.h:620) [25]  (0 ns)
	'sub' operation ('tmp.V', r:/builds/2019.1/continuous/2019_05_24_2552052/src/products/hls/hls_lib/hlsmath/include/FloatingPoint\hls_cordic.h:622) [71]  (2.02 ns)
	'select' operation ('tmp.V', r:/builds/2019.1/continuous/2019_05_24_2552052/src/products/hls/hls_lib/hlsmath/include/FloatingPoint\hls_cordic.h:622) [72]  (0.642 ns)
	'ctlz' operation ('tmp_4', r:/builds/2019.1/continuous/2019_05_24_2552052/src/products/hls/hls_lib/hlsmath/include/FloatingPoint\hls_cordic.h:622) [74]  (2.23 ns)
	'add' operation ('NZeros', r:/builds/2019.1/continuous/2019_05_24_2552052/src/products/hls/hls_lib/hlsmath/include/FloatingPoint\hls_cordic.h:622) [81]  (1.51 ns)
	'select' operation ('l', r:/builds/2019.1/continuous/2019_05_24_2552052/src/products/hls/hls_lib/hlsmath/include/FloatingPoint\hls_cordic.h:622) [82]  (0.492 ns)
	'sub' operation ('sub_ln848', r:/builds/2019.1/continuous/2019_05_24_2552052/src/products/hls/hls_lib/hlsmath/include/FloatingPoint\hls_cordic.h:622) [83]  (1.51 ns)

 <State 3>: 6.93ns
The critical path consists of the following:
	'load' operation ('__Val2__', r:/builds/2019.1/continuous/2019_05_24_2552052/src/products/hls/hls_lib/hlsmath/include/FloatingPoint\hls_cordic.h:192->r:/builds/2019.1/continuous/2019_05_24_2552052/src/products/hls/hls_lib/hlsmath/include/FloatingPoint\hls_cordic.h:620) on array 'cordic_ctab_table_12' [53]  (2.27 ns)
	'add' operation ('__Val2__', r:/builds/2019.1/continuous/2019_05_24_2552052/src/products/hls/hls_lib/hlsmath/include/FloatingPoint\hls_cordic.h:192->r:/builds/2019.1/continuous/2019_05_24_2552052/src/products/hls/hls_lib/hlsmath/include/FloatingPoint\hls_cordic.h:620) [57]  (2 ns)
	'sub' operation ('sub_ln130_2', r:/builds/2019.1/continuous/2019_05_24_2552052/src/products/hls/hls_lib/hlsmath/include/FloatingPoint\hls_cordic.h:130->r:/builds/2019.1/continuous/2019_05_24_2552052/src/products/hls/hls_lib/hlsmath/include/FloatingPoint\hls_cordic.h:193->r:/builds/2019.1/continuous/2019_05_24_2552052/src/products/hls/hls_lib/hlsmath/include/FloatingPoint\hls_cordic.h:620) [61]  (2.02 ns)
	'select' operation ('tz.V', r:/builds/2019.1/continuous/2019_05_24_2552052/src/products/hls/hls_lib/hlsmath/include/FloatingPoint\hls_cordic.h:130->r:/builds/2019.1/continuous/2019_05_24_2552052/src/products/hls/hls_lib/hlsmath/include/FloatingPoint\hls_cordic.h:193->r:/builds/2019.1/continuous/2019_05_24_2552052/src/products/hls/hls_lib/hlsmath/include/FloatingPoint\hls_cordic.h:620) [63]  (0.642 ns)

 <State 4>: 8.59ns
The critical path consists of the following:
	'sub' operation ('sub_ln851', r:/builds/2019.1/continuous/2019_05_24_2552052/src/products/hls/hls_lib/hlsmath/include/FloatingPoint\hls_cordic.h:622) [88]  (1.27 ns)
	'lshr' operation ('lshr_ln851', r:/builds/2019.1/continuous/2019_05_24_2552052/src/products/hls/hls_lib/hlsmath/include/FloatingPoint\hls_cordic.h:622) [90]  (0 ns)
	'and' operation ('__Result__', r:/builds/2019.1/continuous/2019_05_24_2552052/src/products/hls/hls_lib/hlsmath/include/FloatingPoint\hls_cordic.h:622) [91]  (0 ns)
	'icmp' operation ('icmp_ln851_1', r:/builds/2019.1/continuous/2019_05_24_2552052/src/products/hls/hls_lib/hlsmath/include/FloatingPoint\hls_cordic.h:622) [92]  (1.79 ns)
	'and' operation ('a', r:/builds/2019.1/continuous/2019_05_24_2552052/src/products/hls/hls_lib/hlsmath/include/FloatingPoint\hls_cordic.h:622) [93]  (0 ns)
	'or' operation ('or_ln853', r:/builds/2019.1/continuous/2019_05_24_2552052/src/products/hls/hls_lib/hlsmath/include/FloatingPoint\hls_cordic.h:622) [98]  (0 ns)
	'add' operation ('m', r:/builds/2019.1/continuous/2019_05_24_2552052/src/products/hls/hls_lib/hlsmath/include/FloatingPoint\hls_cordic.h:622) [111]  (2.57 ns)
	'select' operation ('select_ln869', r:/builds/2019.1/continuous/2019_05_24_2552052/src/products/hls/hls_lib/hlsmath/include/FloatingPoint\hls_cordic.h:622) [115]  (0.498 ns)
	'add' operation ('add_ln869', r:/builds/2019.1/continuous/2019_05_24_2552052/src/products/hls/hls_lib/hlsmath/include/FloatingPoint\hls_cordic.h:622) [118]  (1.98 ns)
	blocking operation 0.479 ns on control path)

 <State 5>: 0.908ns
The critical path consists of the following:
	multiplexor before 'phi' operation ('p_071', r:/builds/2019.1/continuous/2019_05_24_2552052/src/products/hls/hls_lib/hlsmath/include/FloatingPoint\hls_cordic.h:622) with incoming values : ('t_in', r:/builds/2019.1/continuous/2019_05_24_2552052/src/products/hls/hls_lib/hlsmath/include/FloatingPoint\hls_cordic.h:577) ('bitcast_ln683', r:/builds/2019.1/continuous/2019_05_24_2552052/src/products/hls/hls_lib/hlsmath/include/FloatingPoint\hls_cordic.h:622) [124]  (0.908 ns)
	'phi' operation ('p_071', r:/builds/2019.1/continuous/2019_05_24_2552052/src/products/hls/hls_lib/hlsmath/include/FloatingPoint\hls_cordic.h:622) with incoming values : ('t_in', r:/builds/2019.1/continuous/2019_05_24_2552052/src/products/hls/hls_lib/hlsmath/include/FloatingPoint\hls_cordic.h:577) ('bitcast_ln683', r:/builds/2019.1/continuous/2019_05_24_2552052/src/products/hls/hls_lib/hlsmath/include/FloatingPoint\hls_cordic.h:622) [124]  (0 ns)


============================================================
+ Verbose Summary: Binding
============================================================
N/A
* FSMD analyzer results:
  - Output states:
 - Input state : 
  - Chain level:
	State 1
	State 2
	State 3
	State 4
	State 5


============================================================
+ Verbose Summary: Datapath Resource usage 
============================================================
N/A
