

================================================================
== Vivado HLS Report for 'atan'
================================================================
* Date:           Sat Aug 22 16:35:18 2020

* Version:        2019.1 (Build 2552052 on Fri May 24 15:28:33 MDT 2019)
* Project:        CarSimOnFPGA
* Solution:       solution1
* Product family: kintex7
* Target device:  xc7k325t-ffg900-2


================================================================
== Performance Estimates
================================================================
+ Timing (ns): 
    * Summary: 
    +--------+-------+----------+------------+
    |  Clock | Target| Estimated| Uncertainty|
    +--------+-------+----------+------------+
    |ap_clk  |  10.00|     8.610|        1.25|
    +--------+-------+----------+------------+

+ Latency (clock cycles): 
    * Summary: 
    +-----+-----+-----+-----+---------+
    |  Latency  |  Interval | Pipeline|
    | min | max | min | max |   Type  |
    +-----+-----+-----+-----+---------+
    |    2|  204|    2|  204|   none  |
    +-----+-----+-----+-----+---------+

    + Detail: 
        * Instance: 
        +---------------------------------+-----------------------+-----+-----+-----+-----+---------+
        |                                 |                       |  Latency  |  Interval | Pipeline|
        |             Instance            |         Module        | min | max | min | max |   Type  |
        +---------------------------------+-----------------------+-----+-----+-----+-----+---------+
        |grp_atan_generic_double_s_fu_57  |atan_generic_double_s  |    1|  179|    1|  179|   none  |
        +---------------------------------+-----------------------+-----+-----+-----+-----+---------+

        * Loop: 
        N/A



================================================================
== Utilization Estimates
================================================================
* Summary: 
+-----------------+---------+-------+--------+--------+-----+
|       Name      | BRAM_18K| DSP48E|   FF   |   LUT  | URAM|
+-----------------+---------+-------+--------+--------+-----+
|DSP              |        -|      -|       -|       -|    -|
|Expression       |        -|      -|       0|     182|    -|
|FIFO             |        -|      -|       -|       -|    -|
|Instance         |        4|      3|    3220|    8241|    -|
|Memory           |        -|      -|       -|       -|    -|
|Multiplexer      |        -|      -|       -|     156|    -|
|Register         |        -|      -|     360|       -|    -|
+-----------------+---------+-------+--------+--------+-----+
|Total            |        4|      3|    3580|    8579|    0|
+-----------------+---------+-------+--------+--------+-----+
|Available        |      890|    840|  407600|  203800|    0|
+-----------------+---------+-------+--------+--------+-----+
|Utilization (%)  |    ~0   |   ~0  |   ~0   |       4|    0|
+-----------------+---------+-------+--------+--------+-----+

+ Detail: 
    * Instance: 
    +---------------------------------+-----------------------+---------+-------+------+------+-----+
    |             Instance            |         Module        | BRAM_18K| DSP48E|  FF  |  LUT | URAM|
    +---------------------------------+-----------------------+---------+-------+------+------+-----+
    |grp_atan_generic_double_s_fu_57  |atan_generic_double_s  |        4|      0|   935|  4088|    0|
    |top_level_wheelSimb6_U24         |top_level_wheelSimb6   |        0|      3|   445|   782|    0|
    |top_level_wheelSincg_U25         |top_level_wheelSincg   |        0|      0|  1710|  3253|    0|
    |top_level_wheelSiocq_U26         |top_level_wheelSiocq   |        0|      0|   130|   118|    0|
    +---------------------------------+-----------------------+---------+-------+------+------+-----+
    |Total                            |                       |        4|      3|  3220|  8241|    0|
    +---------------------------------+-----------------------+---------+-------+------+------+-----+

    * DSP48E: 
    N/A

    * Memory: 
    N/A

    * FIFO: 
    N/A

    * Expression: 
    +------------------------+----------+-------+---+----+------------+------------+
    |      Variable Name     | Operation| DSP48E| FF| LUT| Bitwidth P0| Bitwidth P1|
    +------------------------+----------+-------+---+----+------------+------------+
    |icmp_ln833_3_fu_130_p2  |   icmp   |      0|  0|  29|          52|           1|
    |icmp_ln833_fu_124_p2    |   icmp   |      0|  0|  13|          11|           2|
    |octant1_fu_144_p2       |   icmp   |      0|  0|  13|          11|          10|
    |din_fu_149_p3           |  select  |      0|  0|  64|           1|          64|
    |select_ln639_fu_136_p3  |  select  |      0|  0|  63|           1|          62|
    +------------------------+----------+-------+---+----+------------+------------+
    |Total                   |          |      0|  0| 182|          76|         139|
    +------------------------+----------+-------+---+----+------------+------------+

    * Multiplexer: 
    +----------------------------------+-----+-----------+-----+-----------+
    |               Name               | LUT | Input Size| Bits| Total Bits|
    +----------------------------------+-----+-----------+-----+-----------+
    |ap_NS_fsm                         |  121|         26|    1|         26|
    |ap_phi_mux_f_assign_phi_fu_46_p8  |    9|          2|   64|        128|
    |ap_return                         |    9|          2|   64|        128|
    |f_assign_reg_42                   |   17|          4|   64|        256|
    +----------------------------------+-----+-----------+-----+-----------+
    |Total                             |  156|         34|  193|        538|
    +----------------------------------+-----+-----------+-----+-----------+

    * Register: 
    +----------------------------------------------+----+----+-----+-----------+
    |                     Name                     | FF | LUT| Bits| Const Bits|
    +----------------------------------------------+----+----+-----+-----------+
    |absx_reg_184                                  |  63|   0|   64|          1|
    |ap_CS_fsm                                     |  25|   0|   25|          0|
    |ap_return                                     |  64|   0|   64|          0|
    |ap_return_preg                                |  64|   0|   64|          0|
    |din_reg_209                                   |  64|   0|   64|          0|
    |f_assign_reg_42                               |  64|   0|   64|          0|
    |grp_atan_generic_double_s_fu_57_ap_start_reg  |   1|   0|    1|          0|
    |icmp_ln833_reg_191                            |   1|   0|    1|          0|
    |octant1_reg_204                               |   1|   0|    1|          0|
    |p_Result_s_reg_174                            |   1|   0|    1|          0|
    |tmp_4_reg_200                                 |   1|   0|    1|          0|
    |tmp_V_reg_179                                 |  11|   0|   11|          0|
    +----------------------------------------------+----+----+-----+-----------+
    |Total                                         | 360|   0|  361|          1|
    +----------------------------------------------+----+----+-----+-----------+



================================================================
== Interface
================================================================
* Summary: 
+-----------+-----+-----+------------+--------------+--------------+
| RTL Ports | Dir | Bits|  Protocol  | Source Object|    C Type    |
+-----------+-----+-----+------------+--------------+--------------+
|ap_clk     |  in |    1| ap_ctrl_hs |     atan     | return value |
|ap_rst     |  in |    1| ap_ctrl_hs |     atan     | return value |
|ap_start   |  in |    1| ap_ctrl_hs |     atan     | return value |
|ap_done    | out |    1| ap_ctrl_hs |     atan     | return value |
|ap_idle    | out |    1| ap_ctrl_hs |     atan     | return value |
|ap_ready   | out |    1| ap_ctrl_hs |     atan     | return value |
|ap_return  | out |   64| ap_ctrl_hs |     atan     | return value |
|x          |  in |   64|   ap_none  |       x      |    scalar    |
+-----------+-----+-----+------------+--------------+--------------+

