

================================================================
== Vivado HLS Report for 'update'
================================================================
* Date:           Sat Jun  6 18:25:20 2020

* Version:        2019.1 (Build 2552052 on Fri May 24 15:28:33 MDT 2019)
* Project:        CarSimOnFPGA
* Solution:       solution1
* Product family: zynq
* Target device:  xc7z010-clg400-1


================================================================
== Performance Estimates
================================================================
+ Timing (ns): 
    * Summary: 
    +--------+-------+----------+------------+
    |  Clock | Target| Estimated| Uncertainty|
    +--------+-------+----------+------------+
    |ap_clk  |  10.00|     8.933|        1.25|
    +--------+-------+----------+------------+

+ Latency (clock cycles): 
    * Summary: 
    +-----+------+-----+------+---------+
    |   Latency  |  Interval  | Pipeline|
    | min |  max | min |  max |   Type  |
    +-----+------+-----+------+---------+
    |  239|  1537|  239|  1537|   none  |
    +-----+------+-----+------+---------+

    + Detail: 
        * Instance: 
        +--------------------------------+---------------------+-----+-----+-----+-----+---------+
        |                                |                     |  Latency  |  Interval | Pipeline|
        |            Instance            |        Module       | min | max | min | max |   Type  |
        +--------------------------------+---------------------+-----+-----+-----+-----+---------+
        |grp_atan_fu_188                 |atan                 |    1|  310|    1|  310|   none  |
        |grp_atan_fu_195                 |atan                 |    1|  310|    1|  310|   none  |
        |grp_sin_or_cos_double_s_fu_202  |sin_or_cos_double_s  |   43|   51|   43|   51|   none  |
        |grp_sin_or_cos_double_s_fu_221  |sin_or_cos_double_s  |   43|   51|   43|   51|   none  |
        +--------------------------------+---------------------+-----+-----+-----+-----+---------+

        * Loop: 
        N/A



================================================================
== Utilization Estimates
================================================================
* Summary: 
+-----------------+---------+-------+-------+-------+-----+
|       Name      | BRAM_18K| DSP48E|   FF  |  LUT  | URAM|
+-----------------+---------+-------+-------+-------+-----+
|DSP              |        -|      -|      -|      -|    -|
|Expression       |        -|      -|      0|    819|    -|
|FIFO             |        -|      -|      -|      -|    -|
|Instance         |       24|    242|  33620|  51417|    -|
|Memory           |        -|      -|      -|      -|    -|
|Multiplexer      |        -|      -|      -|   1557|    -|
|Register         |        -|      -|   1998|      -|    -|
+-----------------+---------+-------+-------+-------+-----+
|Total            |       24|    242|  35618|  53793|    0|
+-----------------+---------+-------+-------+-------+-----+
|Available        |      120|     80|  35200|  17600|    0|
+-----------------+---------+-------+-------+-------+-----+
|Utilization (%)  |       20|    302|    101|    305|    0|
+-----------------+---------+-------+-------+-------+-----+

+ Detail: 
    * Instance: 
    +--------------------------------+----------------------+---------+-------+------+------+-----+
    |            Instance            |        Module        | BRAM_18K| DSP48E|  FF  |  LUT | URAM|
    +--------------------------------+----------------------+---------+-------+------+------+-----+
    |grp_atan_fu_188                 |atan                  |        4|      3|  5668|  9782|    0|
    |grp_atan_fu_195                 |atan                  |        4|      3|  5668|  9782|    0|
    |grp_sin_or_cos_double_s_fu_202  |sin_or_cos_double_s   |        8|     88|  4885|  6513|    0|
    |grp_sin_or_cos_double_s_fu_221  |sin_or_cos_double_s   |        8|     88|  4885|  6513|    0|
    |top_level_dadd_64DeQ_U63        |top_level_dadd_64DeQ  |        0|      3|   445|  1149|    0|
    |top_level_ddiv_64sc4_U67        |top_level_ddiv_64sc4  |        0|      0|  3211|  3658|    0|
    |top_level_ddiv_64sc4_U68        |top_level_ddiv_64sc4  |        0|      0|  3211|  3658|    0|
    |top_level_dmul_64Ee0_U64        |top_level_dmul_64Ee0  |        0|     11|   317|   578|    0|
    |top_level_dmul_64Ee0_U65        |top_level_dmul_64Ee0  |        0|     11|   317|   578|    0|
    |top_level_dmul_64Ee0_U66        |top_level_dmul_64Ee0  |        0|     11|   317|   578|    0|
    |top_level_dsub_64rcU_U62        |top_level_dsub_64rcU  |        0|      3|   445|  1149|    0|
    |top_level_fadd_32vdy_U44        |top_level_fadd_32vdy  |        0|      2|   205|   390|    0|
    |top_level_fadd_32vdy_U45        |top_level_fadd_32vdy  |        0|      2|   205|   390|    0|
    |top_level_faddfsuudo_U43        |top_level_faddfsuudo  |        0|      2|   205|   390|    0|
    |top_level_fcmp_32Bew_U58        |top_level_fcmp_32Bew  |        0|      0|    66|   239|    0|
    |top_level_fcmp_32Bew_U59        |top_level_fcmp_32Bew  |        0|      0|    66|   239|    0|
    |top_level_fcmp_32Bew_U60        |top_level_fcmp_32Bew  |        0|      0|    66|   239|    0|
    |top_level_fdiv_32xdS_U51        |top_level_fdiv_32xdS  |        0|      0|   761|   994|    0|
    |top_level_fdiv_32xdS_U52        |top_level_fdiv_32xdS  |        0|      0|   761|   994|    0|
    |top_level_fmul_32wdI_U46        |top_level_fmul_32wdI  |        0|      3|   143|   321|    0|
    |top_level_fmul_32wdI_U47        |top_level_fmul_32wdI  |        0|      3|   143|   321|    0|
    |top_level_fmul_32wdI_U48        |top_level_fmul_32wdI  |        0|      3|   143|   321|    0|
    |top_level_fmul_32wdI_U49        |top_level_fmul_32wdI  |        0|      3|   143|   321|    0|
    |top_level_fmul_32wdI_U50        |top_level_fmul_32wdI  |        0|      3|   143|   321|    0|
    |top_level_fpext_3Aem_U56        |top_level_fpext_3Aem  |        0|      0|   100|   138|    0|
    |top_level_fpext_3Aem_U57        |top_level_fpext_3Aem  |        0|      0|   100|   138|    0|
    |top_level_fptrunczec_U54        |top_level_fptrunczec  |        0|      0|   128|   277|    0|
    |top_level_fptrunczec_U55        |top_level_fptrunczec  |        0|      0|   128|   277|    0|
    |top_level_fsqrt_3CeG_U61        |top_level_fsqrt_3CeG  |        0|      0|   405|   615|    0|
    |top_level_sitofp_yd2_U53        |top_level_sitofp_yd2  |        0|      0|   340|   554|    0|
    +--------------------------------+----------------------+---------+-------+------+------+-----+
    |Total                           |                      |       24|    242| 33620| 51417|    0|
    +--------------------------------+----------------------+---------+-------+------+------+-----+

    * DSP48E: 
    N/A

    * Memory: 
    N/A

    * FIFO: 
    N/A

    * Expression: 
    +-----------------------------------+----------+-------+---+-----+------------+------------+
    |           Variable Name           | Operation| DSP48E| FF| LUT | Bitwidth P0| Bitwidth P1|
    +-----------------------------------+----------+-------+---+-----+------------+------------+
    |add_ln339_fu_575_p2                |     +    |      0|  0|   15|           8|           9|
    |neg_fu_672_p2                      |     -    |      0|  0|   39|           1|          32|
    |result_V_1_fu_661_p2               |     -    |      0|  0|   39|           1|          32|
    |sub_ln1311_fu_589_p2               |     -    |      0|  0|   15|           7|           8|
    |and_ln31_fu_520_p2                 |    and   |      0|  0|    2|           1|           1|
    |and_ln42_1_fu_760_p2               |    and   |      0|  0|    2|           1|           1|
    |and_ln42_fu_728_p2                 |    and   |      0|  0|    2|           1|           1|
    |and_ln42_fu_754_p2                 |    and   |      0|  0|    2|           1|           1|
    |and_ln58_fu_824_p2                 |    and   |      0|  0|    2|           1|           1|
    |abscond_fu_678_p2                  |   icmp   |      0|  0|   18|          32|           1|
    |icmp_ln31_1_fu_510_p2              |   icmp   |      0|  0|   18|          23|           1|
    |icmp_ln31_fu_504_p2                |   icmp   |      0|  0|   11|           8|           2|
    |icmp_ln42_1_fu_716_p2              |   icmp   |      0|  0|   18|          23|           1|
    |icmp_ln42_fu_710_p2                |   icmp   |      0|  0|   11|           8|           2|
    |icmp_ln58_1_fu_812_p2              |   icmp   |      0|  0|   18|          23|           1|
    |icmp_ln58_fu_806_p2                |   icmp   |      0|  0|   11|           8|           2|
    |r_V_fu_619_p2                      |   lshr   |      0|  0|   73|          25|          25|
    |ap_block_state132_on_subcall_done  |    or    |      0|  0|    2|           1|           1|
    |ap_block_state140_on_subcall_done  |    or    |      0|  0|    2|           1|           1|
    |or_ln31_fu_516_p2                  |    or    |      0|  0|    2|           1|           1|
    |or_ln42_fu_722_p2                  |    or    |      0|  0|    2|           1|           1|
    |or_ln58_fu_818_p2                  |    or    |      0|  0|    2|           1|           1|
    |abs_fu_684_p3                      |  select  |      0|  0|   32|           1|          32|
    |p_Val2_5_fu_653_p3                 |  select  |      0|  0|   32|           1|          32|
    |p_Val2_6_fu_666_p3                 |  select  |      0|  0|   32|           1|          32|
    |select_ln42_1_fu_734_p3            |  select  |      0|  0|   31|           1|          31|
    |select_ln42_fu_766_p3              |  select  |      0|  0|   32|           1|          32|
    |ush_fu_599_p3                      |  select  |      0|  0|    9|           1|           9|
    |r_V_1_fu_625_p2                    |    shl   |      0|  0|  243|          79|          79|
    |xor_ln42_fu_742_p2                 |    xor   |      0|  0|    2|           1|           2|
    |xor_ln42_fu_748_p2                 |    xor   |      0|  0|    2|           1|           2|
    |xor_ln55_fu_778_p2                 |    xor   |      0|  0|   65|          64|          65|
    |xor_ln67_fu_833_p2                 |    xor   |      0|  0|   33|          32|          33|
    +-----------------------------------+----------+-------+---+-----+------------+------------+
    |Total                              |          |      0|  0|  819|         360|         475|
    +-----------------------------------+----------+-------+---+-----+------------+------------+

    * Multiplexer: 
    +---------------------------------------+-----+-----------+-----+-----------+
    |                  Name                 | LUT | Input Size| Bits| Total Bits|
    +---------------------------------------+-----+-----------+-----+-----------+
    |ap_NS_fsm                              |  861|        199|    1|        199|
    |ap_return_0                            |    9|          2|   32|         64|
    |ap_return_1                            |    9|          2|   32|         64|
    |ap_return_2                            |    9|          2|   32|         64|
    |grp_atan_fu_188_x                      |   21|          4|   64|        256|
    |grp_fu_241_opcode                      |   15|          3|    2|          6|
    |grp_fu_241_p0                          |   21|          4|   32|        128|
    |grp_fu_241_p1                          |   21|          4|   32|        128|
    |grp_fu_245_p0                          |   15|          3|   32|         96|
    |grp_fu_245_p1                          |   15|          3|   32|         96|
    |grp_fu_253_p0                          |   41|          8|   32|        256|
    |grp_fu_253_p1                          |   41|          8|   32|        256|
    |grp_fu_258_p0                          |   33|          6|   32|        192|
    |grp_fu_258_p1                          |   33|          6|   32|        192|
    |grp_fu_263_p1                          |   15|          3|   32|         96|
    |grp_fu_268_p0                          |   15|          3|   32|         96|
    |grp_fu_268_p1                          |   15|          3|   32|         96|
    |grp_fu_284_p0                          |   27|          5|   32|        160|
    |grp_fu_284_p1                          |   27|          5|   32|        160|
    |grp_fu_296_p0                          |   33|          6|   64|        384|
    |grp_fu_300_p0                          |   21|          4|   64|        256|
    |grp_fu_305_p0                          |   38|          7|   32|        224|
    |grp_fu_314_opcode                      |   15|          3|    5|         15|
    |grp_fu_314_p0                          |   21|          4|   32|        128|
    |grp_fu_335_p1                          |   15|          3|   64|        192|
    |grp_fu_343_p0                          |   33|          6|   64|        384|
    |grp_fu_343_p1                          |   27|          5|   64|        320|
    |grp_fu_351_p0                          |   15|          3|   64|        192|
    |grp_fu_351_p1                          |   15|          3|   64|        192|
    |grp_sin_or_cos_double_s_fu_202_do_cos  |   15|          3|    1|          3|
    |grp_sin_or_cos_double_s_fu_202_t_in    |   15|          3|   64|        192|
    |grp_sin_or_cos_double_s_fu_221_t_in    |   15|          3|   64|        192|
    |slipAngle_2_reg_154                    |    9|          2|   32|         64|
    |slipRatio_0_reg_142                    |    9|          2|   32|         64|
    |x_0_reg_164                            |    9|          2|   32|         64|
    |z_0_reg_176                            |    9|          2|   32|         64|
    +---------------------------------------+-----+-----------+-----+-----------+
    |Total                                  | 1557|        334| 1353|       5535|
    +---------------------------------------+-----+-----------+-----+-----------+

    * Register: 
    +---------------------------------------------+-----+----+-----+-----------+
    |                     Name                    |  FF | LUT| Bits| Const Bits|
    +---------------------------------------------+-----+----+-----+-----------+
    |a_reg_987                                    |   32|   0|   32|          0|
    |abs_reg_952                                  |   32|   0|   32|          0|
    |and_ln31_reg_915                             |    1|   0|    1|          0|
    |ap_CS_fsm                                    |  198|   0|  198|          0|
    |ap_return_0_preg                             |   32|   0|   32|          0|
    |ap_return_1_preg                             |   32|   0|   32|          0|
    |ap_return_2_preg                             |   32|   0|   32|          0|
    |cos_steer_reg_877                            |   32|   0|   32|          0|
    |force_z_write_assign_reg_1062                |   32|   0|   32|          0|
    |grp_atan_fu_188_ap_start_reg                 |    1|   0|    1|          0|
    |grp_atan_fu_195_ap_start_reg                 |    1|   0|    1|          0|
    |grp_sin_or_cos_double_s_fu_202_ap_start_reg  |    1|   0|    1|          0|
    |grp_sin_or_cos_double_s_fu_221_ap_start_reg  |    1|   0|    1|          0|
    |icmp_ln31_1_reg_910                          |    1|   0|    1|          0|
    |icmp_ln31_reg_905                            |    1|   0|    1|          0|
    |latForce_reg_1029                            |   32|   0|   32|          0|
    |p_Result_s_reg_941                           |    1|   0|    1|          0|
    |p_Val2_5_reg_946                             |   32|   0|   32|          0|
    |reg_372                                      |   64|   0|   64|          0|
    |reg_387                                      |   32|   0|   32|          0|
    |reg_395                                      |   32|   0|   32|          0|
    |reg_402                                      |   32|   0|   32|          0|
    |reg_408                                      |   32|   0|   32|          0|
    |reg_414                                      |   32|   0|   32|          0|
    |reg_422                                      |   32|   0|   32|          0|
    |reg_430                                      |   32|   0|   32|          0|
    |reg_437                                      |   64|   0|   64|          0|
    |reg_445                                      |   32|   0|   32|          0|
    |reg_453                                      |   64|   0|   64|          0|
    |reg_460                                      |   64|   0|   64|          0|
    |reg_468                                      |   32|   0|   32|          0|
    |reg_474                                      |   64|   0|   64|          0|
    |reg_480                                      |   64|   0|   64|          0|
    |s_reg_994                                    |   32|   0|   32|          0|
    |sin_steer_reg_885                            |   32|   0|   32|          0|
    |slipAngle_2_reg_154                          |   32|   0|   32|          0|
    |slipRatio_0_reg_142                          |   32|   0|   32|          0|
    |tmp_14_reg_977                               |   64|   0|   64|          0|
    |tmp_15_reg_972                               |   64|   0|   64|          0|
    |tmp_16_reg_982                               |   64|   0|   64|          0|
    |tmp_22_reg_1004                              |   64|   0|   64|          0|
    |tmp_36_reg_1009                              |   64|   0|   64|          0|
    |tmp_37_reg_1014                              |   64|   0|   64|          0|
    |tmp_38_reg_1019                              |   64|   0|   64|          0|
    |tmp_43_reg_1037                              |   32|   0|   32|          0|
    |tmp_52_reg_1057                              |   32|   0|   32|          0|
    |tmp_7_reg_957                                |   32|   0|   32|          0|
    |tmp_s_reg_962                                |   32|   0|   32|          0|
    |wheel_angularVelocit                         |   32|   0|   32|          0|
    |wheel_angularVelocit_1_reg_935               |   32|   0|   32|          0|
    |x_0_reg_164                                  |   32|   0|   32|          0|
    |z_0_reg_176                                  |   32|   0|   32|          0|
    +---------------------------------------------+-----+----+-----+-----------+
    |Total                                        | 1998|   0| 1998|          0|
    +---------------------------------------------+-----+----+-----+-----------+



================================================================
== Interface
================================================================
* Summary: 
+---------------+-----+-----+------------+---------------+--------------+
|   RTL Ports   | Dir | Bits|  Protocol  | Source Object |    C Type    |
+---------------+-----+-----+------------+---------------+--------------+
|ap_clk         |  in |    1| ap_ctrl_hs |     update    | return value |
|ap_rst         |  in |    1| ap_ctrl_hs |     update    | return value |
|ap_start       |  in |    1| ap_ctrl_hs |     update    | return value |
|ap_done        | out |    1| ap_ctrl_hs |     update    | return value |
|ap_idle        | out |    1| ap_ctrl_hs |     update    | return value |
|ap_ready       | out |    1| ap_ctrl_hs |     update    | return value |
|ap_return_0    | out |   32| ap_ctrl_hs |     update    | return value |
|ap_return_1    | out |   32| ap_ctrl_hs |     update    | return value |
|ap_return_2    | out |   32| ap_ctrl_hs |     update    | return value |
|deltaTime      |  in |   32|   ap_none  |   deltaTime   |    scalar    |
|torque         |  in |   32|   ap_none  |     torque    |    scalar    |
|velocity_x     |  in |   32|   ap_none  |   velocity_x  |    scalar    |
|velocity_z     |  in |   32|   ap_none  |   velocity_z  |    scalar    |
|load           |  in |   32|   ap_none  |      load     |    scalar    |
|steeringAngle  |  in |   32|   ap_none  | steeringAngle |    scalar    |
+---------------+-----+-----+------------+---------------+--------------+

