

================================================================
== Vivado HLS Report for 'update'
================================================================
* Date:           Sun Aug 23 03:38:25 2020

* Version:        2019.1 (Build 2552052 on Fri May 24 15:28:33 MDT 2019)
* Project:        CarSimOnFPGA
* Solution:       solution2
* Product family: kintex7
* Target device:  xc7k325t-ffg900-2


================================================================
== Performance Estimates
================================================================
+ Timing (ns): 
    * Summary: 
    +--------+-------+----------+------------+
    |  Clock | Target| Estimated| Uncertainty|
    +--------+-------+----------+------------+
    |ap_clk  |  10.00|     8.610|        1.25|
    +--------+-------+----------+------------+

+ Latency (clock cycles): 
    * Summary: 
    +-----+------+-----+------+---------+
    |   Latency  |  Interval  | Pipeline|
    | min |  max | min |  max |   Type  |
    +-----+------+-----+------+---------+
    |  194|  1243|  194|  1243|   none  |
    +-----+------+-----+------+---------+

    + Detail: 
        * Instance: 
        +--------------------------------+---------------------+-----+-----+-----+-----+---------+
        |                                |                     |  Latency  |  Interval | Pipeline|
        |            Instance            |        Module       | min | max | min | max |   Type  |
        +--------------------------------+---------------------+-----+-----+-----+-----+---------+
        |grp_sin_fu_216                  |sin                  |   28|   31|   28|   31|   none  |
        |grp_atan_fu_258                 |atan                 |    2|  204|    2|  204|   none  |
        |grp_sin_or_cos_double_s_fu_287  |sin_or_cos_double_s  |   26|   29|   26|   29|   none  |
        +--------------------------------+---------------------+-----+-----+-----+-----+---------+

        * Loop: 
        N/A



================================================================
== Utilization Estimates
================================================================
* Summary: 
+-----------------+---------+-------+--------+--------+-----+
|       Name      | BRAM_18K| DSP48E|   FF   |   LUT  | URAM|
+-----------------+---------+-------+--------+--------+-----+
|DSP              |        -|      -|       -|       -|    -|
|Expression       |        -|      -|       0|     774|    -|
|FIFO             |        -|      -|       -|       -|    -|
|Instance         |       20|    238|   16454|   31692|    -|
|Memory           |        -|      -|       -|       -|    -|
|Multiplexer      |        -|      -|       -|    1119|    -|
|Register         |        -|      -|    1738|       -|    -|
+-----------------+---------+-------+--------+--------+-----+
|Total            |       20|    238|   18192|   33585|    0|
+-----------------+---------+-------+--------+--------+-----+
|Available        |      890|    840|  407600|  203800|    0|
+-----------------+---------+-------+--------+--------+-----+
|Utilization (%)  |        2|     28|       4|      16|    0|
+-----------------+---------+-------+--------+--------+-----+

+ Detail: 
    * Instance: 
    +--------------------------------+----------------------+---------+-------+------+------+-----+
    |            Instance            |        Module        | BRAM_18K| DSP48E|  FF  |  LUT | URAM|
    +--------------------------------+----------------------+---------+-------+------+------+-----+
    |grp_atan_fu_258                 |atan                  |        4|      3|  3580|  8579|    0|
    |grp_sin_fu_216                  |sin                   |        8|     97|  2978|  5706|    0|
    |grp_sin_or_cos_double_s_fu_287  |sin_or_cos_double_s   |        8|     97|  2783|  5684|    0|
    |top_level_wheel_dncg_U51        |top_level_wheel_dncg  |        0|      0|  1710|  3253|    0|
    |top_level_wheel_dncg_U52        |top_level_wheel_dncg  |        0|      0|  1710|  3253|    0|
    |top_level_wheel_dyd2_U48        |top_level_wheel_dyd2  |        0|      3|   445|   782|    0|
    |top_level_wheel_dzec_U49        |top_level_wheel_dzec  |        0|     11|   299|   203|    0|
    |top_level_wheel_dzec_U50        |top_level_wheel_dzec  |        0|     11|   299|   203|    0|
    |top_level_wheel_fpcA_U32        |top_level_wheel_fpcA  |        0|      2|   227|   214|    0|
    |top_level_wheel_fqcK_U33        |top_level_wheel_fqcK  |        0|      2|   227|   214|    0|
    |top_level_wheel_frcU_U34        |top_level_wheel_frcU  |        0|      3|   128|   135|    0|
    |top_level_wheel_frcU_U35        |top_level_wheel_frcU  |        0|      3|   128|   135|    0|
    |top_level_wheel_frcU_U36        |top_level_wheel_frcU  |        0|      3|   128|   135|    0|
    |top_level_wheel_frcU_U37        |top_level_wheel_frcU  |        0|      3|   128|   135|    0|
    |top_level_wheel_fsc4_U38        |top_level_wheel_fsc4  |        0|      0|   363|   802|    0|
    |top_level_wheel_fsc4_U39        |top_level_wheel_fsc4  |        0|      0|   363|   802|    0|
    |top_level_wheel_fudo_U41        |top_level_wheel_fudo  |        0|      0|   128|    94|    0|
    |top_level_wheel_fudo_U42        |top_level_wheel_fudo  |        0|      0|   128|    94|    0|
    |top_level_wheel_fvdy_U43        |top_level_wheel_fvdy  |        0|      0|   100|   138|    0|
    |top_level_wheel_fvdy_U44        |top_level_wheel_fvdy  |        0|      0|   100|   138|    0|
    |top_level_wheel_fwdI_U45        |top_level_wheel_fwdI  |        0|      0|    66|    72|    0|
    |top_level_wheel_fwdI_U46        |top_level_wheel_fwdI  |        0|      0|    66|    72|    0|
    |top_level_wheel_fxdS_U47        |top_level_wheel_fxdS  |        0|      0|   242|   508|    0|
    |top_level_wheel_stde_U40        |top_level_wheel_stde  |        0|      0|   128|   341|    0|
    +--------------------------------+----------------------+---------+-------+------+------+-----+
    |Total                           |                      |       20|    238| 16454| 31692|    0|
    +--------------------------------+----------------------+---------+-------+------+------+-----+

    * DSP48E: 
    N/A

    * Memory: 
    N/A

    * FIFO: 
    N/A

    * Expression: 
    +---------------------------------+----------+-------+---+-----+------------+------------+
    |          Variable Name          | Operation| DSP48E| FF| LUT | Bitwidth P0| Bitwidth P1|
    +---------------------------------+----------+-------+---+-----+------------+------------+
    |add_ln339_fu_634_p2              |     +    |      0|  0|   16|           9|           8|
    |neg_fu_732_p2                    |     -    |      0|  0|   39|           1|          32|
    |result_V_1_fu_719_p2             |     -    |      0|  0|   39|           1|          32|
    |sub_ln1311_fu_648_p2             |     -    |      0|  0|   15|           7|           8|
    |and_ln34_fu_569_p2               |    and   |      0|  0|    2|           1|           1|
    |and_ln41_fu_764_p2               |    and   |      0|  0|    2|           1|           1|
    |and_ln45_fu_769_p2               |    and   |      0|  0|    2|           1|           1|
    |and_ln61_fu_846_p2               |    and   |      0|  0|    2|           1|           1|
    |abscond_fu_738_p2                |   icmp   |      0|  0|   18|          32|           1|
    |icmp_ln34_1_fu_557_p2            |   icmp   |      0|  0|   18|          23|           1|
    |icmp_ln34_fu_551_p2              |   icmp   |      0|  0|   11|           8|           2|
    |icmp_ln41_1_fu_606_p2            |   icmp   |      0|  0|   18|          23|           1|
    |icmp_ln41_fu_600_p2              |   icmp   |      0|  0|   11|           8|           2|
    |icmp_ln61_1_fu_834_p2            |   icmp   |      0|  0|   18|          23|           1|
    |icmp_ln61_fu_828_p2              |   icmp   |      0|  0|   11|           8|           2|
    |r_V_fu_677_p2                    |   lshr   |      0|  0|   66|          25|          25|
    |ap_block_state3_on_subcall_done  |    or    |      0|  0|    2|           1|           1|
    |or_ln34_fu_563_p2                |    or    |      0|  0|    2|           1|           1|
    |or_ln41_fu_612_p2                |    or    |      0|  0|    2|           1|           1|
    |or_ln45_fu_782_p2                |    or    |      0|  0|    2|           1|           1|
    |or_ln61_fu_840_p2                |    or    |      0|  0|    2|           1|           1|
    |abs_fu_744_p3                    |  select  |      0|  0|   32|           1|          32|
    |p_Val2_5_fu_711_p3               |  select  |      0|  0|   32|           1|          32|
    |p_Val2_6_fu_725_p3               |  select  |      0|  0|   32|           1|          32|
    |select_ln45_1_fu_774_p3          |  select  |      0|  0|   31|           1|          31|
    |select_ln45_fu_788_p3            |  select  |      0|  0|   32|           1|          32|
    |ush_fu_657_p3                    |  select  |      0|  0|    9|           1|           9|
    |r_V_1_fu_683_p2                  |    shl   |      0|  0|  243|          79|          79|
    |xor_ln58_fu_800_p2               |    xor   |      0|  0|   65|          64|          65|
    +---------------------------------+----------+-------+---+-----+------------+------------+
    |Total                            |          |      0|  0|  774|         326|         436|
    +---------------------------------+----------+-------+---+-----+------------+------------+

    * Multiplexer: 
    +------------------------------------------------+-----+-----------+-----+-----------+
    |                      Name                      | LUT | Input Size| Bits| Total Bits|
    +------------------------------------------------+-----+-----------+-----+-----------+
    |ap_NS_fsm                                       |  597|        133|    1|        133|
    |ap_phi_mux_phi_ln67_phi_fu_186_p4               |    9|          2|   32|         64|
    |ap_phi_mux_wheel_slipAngle_new_1_phi_fu_175_p4  |    9|          2|   32|         64|
    |ap_phi_mux_wheel_slipRatio_new_s_phi_fu_165_p4  |    9|          2|   32|         64|
    |grp_atan_fu_258_x                               |   21|          5|   64|        320|
    |grp_fu_306_opcode                               |   13|          3|    2|          6|
    |grp_fu_306_p0                                   |   17|          4|   32|        128|
    |grp_fu_306_p1                                   |   21|          5|   32|        160|
    |grp_fu_315_p0                                   |   25|          6|   32|        192|
    |grp_fu_315_p1                                   |   33|          8|   32|        256|
    |grp_fu_320_p0                                   |   17|          4|   32|        128|
    |grp_fu_320_p1                                   |   21|          5|   32|        160|
    |grp_fu_337_p0                                   |   21|          5|   32|        160|
    |grp_fu_337_p1                                   |   21|          5|   32|        160|
    |grp_fu_349_p0                                   |   25|          6|   64|        384|
    |grp_fu_353_p0                                   |   17|          4|   64|        256|
    |grp_fu_359_p0                                   |   33|          8|   32|        256|
    |grp_fu_372_opcode                               |   13|          3|    5|         15|
    |grp_fu_372_p0                                   |   17|          4|   32|        128|
    |grp_fu_387_opcode                               |   13|          3|    2|          6|
    |grp_fu_387_p0                                   |   13|          3|   64|        192|
    |grp_fu_387_p1                                   |   17|          4|   64|        256|
    |grp_fu_391_p0                                   |   29|          7|   64|        448|
    |grp_fu_391_p1                                   |   37|          9|   64|        576|
    |grp_sin_fu_216_x                                |   17|          4|   64|        256|
    |phi_ln67_reg_182                                |    9|          2|   32|         64|
    |wheel_angularVelocit_o                          |    9|          2|   32|         64|
    |wheel_fx_new_0_reg_194                          |    9|          2|   32|         64|
    |wheel_fz_new_0_reg_205                          |    9|          2|   32|         64|
    |wheel_slipAngle_new_1_reg_172                   |    9|          2|   32|         64|
    |wheel_slipRatio_new_s_reg_162                   |    9|          2|   32|         64|
    +------------------------------------------------+-----+-----------+-----+-----------+
    |Total                                           | 1119|        256| 1130|       5152|
    +------------------------------------------------+-----+-----------+-----+-----------+

    * Register: 
    +---------------------------------------------+-----+----+-----+-----------+
    |                     Name                    |  FF | LUT| Bits| Const Bits|
    +---------------------------------------------+-----+----+-----+-----------+
    |abs_reg_959                                  |   32|   0|   32|          0|
    |and_ln34_reg_944                             |    1|   0|    1|          0|
    |and_ln61_reg_1024                            |    1|   0|    1|          0|
    |ap_CS_fsm                                    |  132|   0|  132|          0|
    |grp_atan_fu_258_ap_start_reg                 |    1|   0|    1|          0|
    |grp_sin_fu_216_ap_start_reg                  |    1|   0|    1|          0|
    |grp_sin_or_cos_double_s_fu_287_ap_start_reg  |    1|   0|    1|          0|
    |latForce_reg_1019                            |   32|   0|   32|          0|
    |or_ln41_reg_953                              |    1|   0|    1|          0|
    |p_Result_s_reg_948                           |    1|   0|    1|          0|
    |phi_ln67_reg_182                             |   32|   0|   32|          0|
    |phitmp_reg_1033                              |   32|   0|   32|          0|
    |reg_418                                      |   64|   0|   64|          0|
    |reg_428                                      |   64|   0|   64|          0|
    |reg_434                                      |   32|   0|   32|          0|
    |reg_443                                      |   32|   0|   32|          0|
    |reg_451                                      |   32|   0|   32|          0|
    |reg_460                                      |   32|   0|   32|          0|
    |reg_467                                      |   32|   0|   32|          0|
    |reg_476                                      |   64|   0|   64|          0|
    |reg_484                                      |   32|   0|   32|          0|
    |reg_491                                      |   64|   0|   64|          0|
    |reg_497                                      |   64|   0|   64|          0|
    |reg_503                                      |   64|   0|   64|          0|
    |reg_510                                      |   32|   0|   32|          0|
    |reg_516                                      |   64|   0|   64|          0|
    |reg_522                                      |   64|   0|   64|          0|
    |s_reg_994                                    |   32|   0|   32|          0|
    |tmp_10_reg_964                               |   32|   0|   32|          0|
    |tmp_11_reg_969                               |   32|   0|   32|          0|
    |tmp_21_reg_984                               |   64|   0|   64|          0|
    |tmp_22_reg_979                               |   64|   0|   64|          0|
    |tmp_23_reg_989                               |   64|   0|   64|          0|
    |tmp_37_reg_1009                              |   64|   0|   64|          0|
    |tmp_3_reg_899                                |   32|   0|   32|          0|
    |tmp_44_reg_1004                              |   64|   0|   64|          0|
    |tmp_4_reg_904                                |   32|   0|   32|          0|
    |tmp_53_reg_1028                              |   32|   0|   32|          0|
    |tmp_V_1_reg_939                              |   23|   0|   23|          0|
    |tmp_V_reg_933                                |    8|   0|    8|          0|
    |vel_z_local_reg_909                          |   32|   0|   32|          0|
    |wheel_angularVelocit_1_reg_880               |   32|   0|   32|          0|
    |wheel_fx_new_0_reg_194                       |   32|   0|   32|          0|
    |wheel_fz_new_0_reg_205                       |   32|   0|   32|          0|
    |wheel_slipAngle_new_1_reg_172                |   32|   0|   32|          0|
    |wheel_slipRatio_new_s_reg_162                |   32|   0|   32|          0|
    +---------------------------------------------+-----+----+-----+-----------+
    |Total                                        | 1738|   0| 1738|          0|
    +---------------------------------------------+-----+----+-----+-----------+



================================================================
== Interface
================================================================
* Summary: 
+-------------------------------+-----+-----+------------+----------------------+--------------+
|           RTL Ports           | Dir | Bits|  Protocol  |     Source Object    |    C Type    |
+-------------------------------+-----+-----+------------+----------------------+--------------+
|ap_clk                         |  in |    1| ap_ctrl_hs |        update        | return value |
|ap_rst                         |  in |    1| ap_ctrl_hs |        update        | return value |
|ap_start                       |  in |    1| ap_ctrl_hs |        update        | return value |
|ap_done                        | out |    1| ap_ctrl_hs |        update        | return value |
|ap_idle                        | out |    1| ap_ctrl_hs |        update        | return value |
|ap_ready                       | out |    1| ap_ctrl_hs |        update        | return value |
|deltaTime                      |  in |   32|   ap_none  |       deltaTime      |    scalar    |
|torque                         |  in |   32|   ap_none  |        torque        |    scalar    |
|velocity_x                     |  in |   32|   ap_none  |      velocity_x      |    scalar    |
|velocity_z                     |  in |   32|   ap_none  |      velocity_z      |    scalar    |
|load                           |  in |   32|   ap_none  |         load         |    scalar    |
|steeringAngle                  |  in |   32|   ap_none  |     steeringAngle    |    scalar    |
|wheel_angularVelocit_i         |  in |   32|   ap_ovld  | wheel_angularVelocit |    pointer   |
|wheel_angularVelocit_o         | out |   32|   ap_ovld  | wheel_angularVelocit |    pointer   |
|wheel_angularVelocit_o_ap_vld  | out |    1|   ap_ovld  | wheel_angularVelocit |    pointer   |
|wheel_slipAngle                | out |   32|   ap_vld   |    wheel_slipAngle   |    pointer   |
|wheel_slipAngle_ap_vld         | out |    1|   ap_vld   |    wheel_slipAngle   |    pointer   |
|wheel_slipRatio                | out |   32|   ap_vld   |    wheel_slipRatio   |    pointer   |
|wheel_slipRatio_ap_vld         | out |    1|   ap_vld   |    wheel_slipRatio   |    pointer   |
|wheel_fz                       | out |   32|   ap_vld   |       wheel_fz       |    pointer   |
|wheel_fz_ap_vld                | out |    1|   ap_vld   |       wheel_fz       |    pointer   |
|wheel_fx                       | out |   32|   ap_vld   |       wheel_fx       |    pointer   |
|wheel_fx_ap_vld                | out |    1|   ap_vld   |       wheel_fx       |    pointer   |
+-------------------------------+-----+-----+------------+----------------------+--------------+

