

================================================================
== Vivado HLS Report for 'atan'
================================================================
* Date:           Thu Aug 27 01:20:12 2020

* Version:        2019.1 (Build 2552052 on Fri May 24 15:28:33 MDT 2019)
* Project:        CarSimOnFPGA
* Solution:       solution3
* Product family: kintex7
* Target device:  xc7k325t-ffg900-2


================================================================
== Performance Estimates
================================================================
+ Timing (ns): 
    * Summary: 
    +--------+-------+----------+------------+
    |  Clock | Target| Estimated| Uncertainty|
    +--------+-------+----------+------------+
    |ap_clk  |  10.00|     8.610|        1.25|
    +--------+-------+----------+------------+

+ Latency (clock cycles): 
    * Summary: 
    +-----+-----+-----+-----+---------+
    |  Latency  |  Interval | Pipeline|
    | min | max | min | max |   Type  |
    +-----+-----+-----+-----+---------+
    |    1|  203|    1|  203|   none  |
    +-----+-----+-----+-----+---------+

    + Detail: 
        * Instance: 
        N/A

        * Loop: 
        N/A

============================================================
+ Verbose Summary: Synthesis Manager
============================================================
InlineROM: 1
ExposeGlobal: 0
============================================================
+ Verbose Summary: CDFG Model
============================================================
IsTopModel: 0
ResetActiveHigh: 1
IsCombinational: 0
IsDatapathOnly: 0
HasWiredReturn: 1
HasMFsm: 0
HasVarLatency: 1
IsPipeline: 0
IsRtlPipelined: 0
IsInstanceOverlapped: 0
IsDontTouch: 0
HasImplIP: 0
IsGatedGlobalClock: 0


============================================================
+ Verbose Summary: Schedule
============================================================
* Number of FSM states : 25
* Pipeline : 0
* Dataflow Pipeline: 0

* FSM state transitions: 
1 --> 2 25 
2 --> 3 25 
3 --> 4 
4 --> 5 
5 --> 6 
6 --> 7 
7 --> 8 
8 --> 9 
9 --> 10 
10 --> 11 
11 --> 12 
12 --> 13 
13 --> 14 
14 --> 15 
15 --> 16 
16 --> 17 
17 --> 18 
18 --> 19 
19 --> 20 
20 --> 21 
21 --> 22 25 
22 --> 23 
23 --> 24 
24 --> 25 
25 --> 

* FSM state operations: 

State 1 <SV = 0> <Delay = 2.81>
ST_1 : Operation 26 [1/1] (0.00ns)   --->   "%x_read = call double @_ssdm_op_Read.ap_auto.double(double %x) nounwind" [r:/builds/2019.1/continuous/2019_05_24_2552052/src/products/hls/hls_lib/hlsmath/src/c/atandouble.cpp:7]   --->   Operation 26 'read' 'x_read' <Predicate = true> <Delay = 0.00>
ST_1 : Operation 27 [1/1] (0.00ns)   --->   "%p_Val2_s = bitcast double %x_read to i64" [r:/builds/2019.1/continuous/2019_05_24_2552052/src/products/hls/hls_lib/src/hls\utils/x_hls_utils.h:475->r:/builds/2019.1/continuous/2019_05_24_2552052/src/products/hls/hls_lib/src/hls\utils/x_hls_utils.h:479->r:/builds/2019.1/continuous/2019_05_24_2552052/src/products/hls/hls_lib/hlsmath/include/FloatingPoint\hls_cordic.h:630->r:/builds/2019.1/continuous/2019_05_24_2552052/src/products/hls/hls_lib/hlsmath/src/c/atandouble.cpp:8]   --->   Operation 27 'bitcast' 'p_Val2_s' <Predicate = true> <Delay = 0.00>
ST_1 : Operation 28 [1/1] (0.00ns)   --->   "%p_Result_s = call i1 @_ssdm_op_BitSelect.i1.i64.i32(i64 %p_Val2_s, i32 63)" [r:/builds/2019.1/continuous/2019_05_24_2552052/src/products/hls/hls_lib/src/hls\utils/x_hls_utils.h:476->r:/builds/2019.1/continuous/2019_05_24_2552052/src/products/hls/hls_lib/src/hls\utils/x_hls_utils.h:479->r:/builds/2019.1/continuous/2019_05_24_2552052/src/products/hls/hls_lib/hlsmath/include/FloatingPoint\hls_cordic.h:630->r:/builds/2019.1/continuous/2019_05_24_2552052/src/products/hls/hls_lib/hlsmath/src/c/atandouble.cpp:8]   --->   Operation 28 'bitselect' 'p_Result_s' <Predicate = true> <Delay = 0.00>
ST_1 : Operation 29 [1/1] (0.00ns)   --->   "%tmp_V = call i11 @_ssdm_op_PartSelect.i11.i64.i32.i32(i64 %p_Val2_s, i32 52, i32 62) nounwind" [r:/builds/2019.1/continuous/2019_05_24_2552052/src/products/hls/hls_lib/src/hls\utils/x_hls_utils.h:477->r:/builds/2019.1/continuous/2019_05_24_2552052/src/products/hls/hls_lib/src/hls\utils/x_hls_utils.h:479->r:/builds/2019.1/continuous/2019_05_24_2552052/src/products/hls/hls_lib/hlsmath/include/FloatingPoint\hls_cordic.h:630->r:/builds/2019.1/continuous/2019_05_24_2552052/src/products/hls/hls_lib/hlsmath/src/c/atandouble.cpp:8]   --->   Operation 29 'partselect' 'tmp_V' <Predicate = true> <Delay = 0.00>
ST_1 : Operation 30 [1/1] (0.00ns)   --->   "%tmp_V_14 = trunc i64 %p_Val2_s to i52" [r:/builds/2019.1/continuous/2019_05_24_2552052/src/products/hls/hls_lib/src/hls\utils/x_hls_utils.h:478->r:/builds/2019.1/continuous/2019_05_24_2552052/src/products/hls/hls_lib/src/hls\utils/x_hls_utils.h:479->r:/builds/2019.1/continuous/2019_05_24_2552052/src/products/hls/hls_lib/hlsmath/include/FloatingPoint\hls_cordic.h:630->r:/builds/2019.1/continuous/2019_05_24_2552052/src/products/hls/hls_lib/hlsmath/src/c/atandouble.cpp:8]   --->   Operation 30 'trunc' 'tmp_V_14' <Predicate = true> <Delay = 0.00>
ST_1 : Operation 31 [1/1] (0.00ns)   --->   "%trunc_ln368 = trunc i64 %p_Val2_s to i63" [r:/builds/2019.1/continuous/2019_05_24_2552052/src/products/hls/hls_lib/src/hls\utils/x_hls_utils.h:495->r:/builds/2019.1/continuous/2019_05_24_2552052/src/products/hls/hls_lib/src/hls\utils/x_hls_utils.h:512->r:/builds/2019.1/continuous/2019_05_24_2552052/src/products/hls/hls_lib/src/hls\utils/x_hls_utils.h:526->r:/builds/2019.1/continuous/2019_05_24_2552052/src/products/hls/hls_lib/hlsmath/include/FloatingPoint\hls_cordic.h:633->r:/builds/2019.1/continuous/2019_05_24_2552052/src/products/hls/hls_lib/hlsmath/src/c/atandouble.cpp:8]   --->   Operation 31 'trunc' 'trunc_ln368' <Predicate = true> <Delay = 0.00>
ST_1 : Operation 32 [1/1] (0.00ns)   --->   "%p_Result_44 = call i64 @_ssdm_op_BitConcatenate.i64.i1.i63(i1 false, i63 %trunc_ln368)" [r:/builds/2019.1/continuous/2019_05_24_2552052/src/products/hls/hls_lib/src/hls\utils/x_hls_utils.h:495->r:/builds/2019.1/continuous/2019_05_24_2552052/src/products/hls/hls_lib/src/hls\utils/x_hls_utils.h:512->r:/builds/2019.1/continuous/2019_05_24_2552052/src/products/hls/hls_lib/src/hls\utils/x_hls_utils.h:526->r:/builds/2019.1/continuous/2019_05_24_2552052/src/products/hls/hls_lib/hlsmath/include/FloatingPoint\hls_cordic.h:633->r:/builds/2019.1/continuous/2019_05_24_2552052/src/products/hls/hls_lib/hlsmath/src/c/atandouble.cpp:8]   --->   Operation 32 'bitconcatenate' 'p_Result_44' <Predicate = true> <Delay = 0.00>
ST_1 : Operation 33 [1/1] (0.00ns)   --->   "%absx = bitcast i64 %p_Result_44 to double" [r:/builds/2019.1/continuous/2019_05_24_2552052/src/products/hls/hls_lib/src/hls\utils/x_hls_utils.h:512->r:/builds/2019.1/continuous/2019_05_24_2552052/src/products/hls/hls_lib/src/hls\utils/x_hls_utils.h:526->r:/builds/2019.1/continuous/2019_05_24_2552052/src/products/hls/hls_lib/hlsmath/include/FloatingPoint\hls_cordic.h:633->r:/builds/2019.1/continuous/2019_05_24_2552052/src/products/hls/hls_lib/hlsmath/src/c/atandouble.cpp:8]   --->   Operation 33 'bitcast' 'absx' <Predicate = true> <Delay = 0.00>
ST_1 : Operation 34 [1/1] (1.07ns)   --->   "%icmp_ln833 = icmp eq i11 %tmp_V, -1" [r:/builds/2019.1/continuous/2019_05_24_2552052/src/products/hls/hls_lib/hlsmath/include/FloatingPoint\hls_cordic.h:638->r:/builds/2019.1/continuous/2019_05_24_2552052/src/products/hls/hls_lib/hlsmath/src/c/atandouble.cpp:8]   --->   Operation 34 'icmp' 'icmp_ln833' <Predicate = true> <Delay = 1.07> <Core = "Cmp">   --->   Core 25 'Cmp' <Latency = 0> <II = 1> <Delay = 1.36> <FuncUnit> <Opcode : 'icmp'> <InPorts = 2> <OutPorts = 1>
ST_1 : Operation 35 [1/1] (0.00ns)   --->   "br i1 %icmp_ln833, label %1, label %2" [r:/builds/2019.1/continuous/2019_05_24_2552052/src/products/hls/hls_lib/hlsmath/include/FloatingPoint\hls_cordic.h:638->r:/builds/2019.1/continuous/2019_05_24_2552052/src/products/hls/hls_lib/hlsmath/src/c/atandouble.cpp:8]   --->   Operation 35 'br' <Predicate = true> <Delay = 0.00>
ST_1 : Operation 36 [2/2] (2.81ns)   --->   "%tmp_4 = fcmp oeq double %absx, 1.000000e+00" [r:/builds/2019.1/continuous/2019_05_24_2552052/src/products/hls/hls_lib/hlsmath/include/FloatingPoint\hls_cordic.h:644->r:/builds/2019.1/continuous/2019_05_24_2552052/src/products/hls/hls_lib/hlsmath/src/c/atandouble.cpp:8]   --->   Operation 36 'dcmp' 'tmp_4' <Predicate = (!icmp_ln833)> <Delay = 2.81> <Core = "DCmp">   --->   Core 120 'DCmp' <Latency = 1> <II = 1> <Delay = 2.81> <FuncUnit> <Opcode : 'dcmp'> <InPorts = 2> <OutPorts = 1>
ST_1 : Operation 37 [1/1] (1.36ns)   --->   "%icmp_ln833_3 = icmp eq i52 %tmp_V_14, 0" [r:/builds/2019.1/continuous/2019_05_24_2552052/src/products/hls/hls_lib/hlsmath/include/FloatingPoint\hls_cordic.h:639->r:/builds/2019.1/continuous/2019_05_24_2552052/src/products/hls/hls_lib/hlsmath/src/c/atandouble.cpp:8]   --->   Operation 37 'icmp' 'icmp_ln833_3' <Predicate = (icmp_ln833)> <Delay = 1.36> <Core = "Cmp">   --->   Core 25 'Cmp' <Latency = 0> <II = 1> <Delay = 1.36> <FuncUnit> <Opcode : 'icmp'> <InPorts = 2> <OutPorts = 1>
ST_1 : Operation 38 [1/1] (0.61ns)   --->   "%select_ln639 = select i1 %icmp_ln833_3, double 0x3FF921FB54442D18, double 0x7FFFFFFFFFFFFFFF" [r:/builds/2019.1/continuous/2019_05_24_2552052/src/products/hls/hls_lib/hlsmath/include/FloatingPoint\hls_cordic.h:639->r:/builds/2019.1/continuous/2019_05_24_2552052/src/products/hls/hls_lib/hlsmath/src/c/atandouble.cpp:8]   --->   Operation 38 'select' 'select_ln639' <Predicate = (icmp_ln833)> <Delay = 0.61> <Core = "Sel">   --->   Core 26 'Sel' <Latency = 0> <II = 1> <Delay = 0.61> <FuncUnit> <Opcode : 'select'> <InPorts = 3> <OutPorts = 1>
ST_1 : Operation 39 [1/1] (0.94ns)   --->   "br label %"atan_cordic<double>.exit"" [r:/builds/2019.1/continuous/2019_05_24_2552052/src/products/hls/hls_lib/hlsmath/include/FloatingPoint\hls_cordic.h:639->r:/builds/2019.1/continuous/2019_05_24_2552052/src/products/hls/hls_lib/hlsmath/src/c/atandouble.cpp:8]   --->   Operation 39 'br' <Predicate = (icmp_ln833)> <Delay = 0.94>

State 2 <SV = 1> <Delay = 3.75>
ST_2 : Operation 40 [1/2] (2.81ns)   --->   "%tmp_4 = fcmp oeq double %absx, 1.000000e+00" [r:/builds/2019.1/continuous/2019_05_24_2552052/src/products/hls/hls_lib/hlsmath/include/FloatingPoint\hls_cordic.h:644->r:/builds/2019.1/continuous/2019_05_24_2552052/src/products/hls/hls_lib/hlsmath/src/c/atandouble.cpp:8]   --->   Operation 40 'dcmp' 'tmp_4' <Predicate = true> <Delay = 2.81> <Core = "DCmp">   --->   Core 120 'DCmp' <Latency = 1> <II = 1> <Delay = 2.81> <FuncUnit> <Opcode : 'dcmp'> <InPorts = 2> <OutPorts = 1>
ST_2 : Operation 41 [1/1] (0.94ns)   --->   "br i1 %tmp_4, label %"atan_cordic<double>.exit", label %3" [r:/builds/2019.1/continuous/2019_05_24_2552052/src/products/hls/hls_lib/hlsmath/include/FloatingPoint\hls_cordic.h:644->r:/builds/2019.1/continuous/2019_05_24_2552052/src/products/hls/hls_lib/hlsmath/src/c/atandouble.cpp:8]   --->   Operation 41 'br' <Predicate = true> <Delay = 0.94>
ST_2 : Operation 42 [1/1] (1.07ns)   --->   "%octant1 = icmp ugt i11 %tmp_V, 1022" [r:/builds/2019.1/continuous/2019_05_24_2552052/src/products/hls/hls_lib/hlsmath/include/FloatingPoint\hls_cordic.h:649->r:/builds/2019.1/continuous/2019_05_24_2552052/src/products/hls/hls_lib/hlsmath/src/c/atandouble.cpp:8]   --->   Operation 42 'icmp' 'octant1' <Predicate = (!tmp_4)> <Delay = 1.07> <Core = "Cmp">   --->   Core 25 'Cmp' <Latency = 0> <II = 1> <Delay = 1.36> <FuncUnit> <Opcode : 'icmp'> <InPorts = 2> <OutPorts = 1>

State 3 <SV = 2> <Delay = 7.99>
ST_3 : Operation 43 [17/17] (7.99ns)   --->   "%one_over_x = fdiv double 1.000000e+00, %absx" [r:/builds/2019.1/continuous/2019_05_24_2552052/src/products/hls/hls_lib/hlsmath/include/FloatingPoint\hls_cordic.h:651->r:/builds/2019.1/continuous/2019_05_24_2552052/src/products/hls/hls_lib/hlsmath/src/c/atandouble.cpp:8]   --->   Operation 43 'ddiv' 'one_over_x' <Predicate = (octant1)> <Delay = 7.99> <Core = "DDiv">   --->   Core 117 'DDiv' <Latency = 16> <II = 1> <Delay = 7.99> <FuncUnit> <Opcode : 'ddiv' 'drem'> <InPorts = 2> <OutPorts = 1>

State 4 <SV = 3> <Delay = 7.99>
ST_4 : Operation 44 [16/17] (7.99ns)   --->   "%one_over_x = fdiv double 1.000000e+00, %absx" [r:/builds/2019.1/continuous/2019_05_24_2552052/src/products/hls/hls_lib/hlsmath/include/FloatingPoint\hls_cordic.h:651->r:/builds/2019.1/continuous/2019_05_24_2552052/src/products/hls/hls_lib/hlsmath/src/c/atandouble.cpp:8]   --->   Operation 44 'ddiv' 'one_over_x' <Predicate = (octant1)> <Delay = 7.99> <Core = "DDiv">   --->   Core 117 'DDiv' <Latency = 16> <II = 1> <Delay = 7.99> <FuncUnit> <Opcode : 'ddiv' 'drem'> <InPorts = 2> <OutPorts = 1>

State 5 <SV = 4> <Delay = 7.99>
ST_5 : Operation 45 [15/17] (7.99ns)   --->   "%one_over_x = fdiv double 1.000000e+00, %absx" [r:/builds/2019.1/continuous/2019_05_24_2552052/src/products/hls/hls_lib/hlsmath/include/FloatingPoint\hls_cordic.h:651->r:/builds/2019.1/continuous/2019_05_24_2552052/src/products/hls/hls_lib/hlsmath/src/c/atandouble.cpp:8]   --->   Operation 45 'ddiv' 'one_over_x' <Predicate = (octant1)> <Delay = 7.99> <Core = "DDiv">   --->   Core 117 'DDiv' <Latency = 16> <II = 1> <Delay = 7.99> <FuncUnit> <Opcode : 'ddiv' 'drem'> <InPorts = 2> <OutPorts = 1>

State 6 <SV = 5> <Delay = 7.99>
ST_6 : Operation 46 [14/17] (7.99ns)   --->   "%one_over_x = fdiv double 1.000000e+00, %absx" [r:/builds/2019.1/continuous/2019_05_24_2552052/src/products/hls/hls_lib/hlsmath/include/FloatingPoint\hls_cordic.h:651->r:/builds/2019.1/continuous/2019_05_24_2552052/src/products/hls/hls_lib/hlsmath/src/c/atandouble.cpp:8]   --->   Operation 46 'ddiv' 'one_over_x' <Predicate = (octant1)> <Delay = 7.99> <Core = "DDiv">   --->   Core 117 'DDiv' <Latency = 16> <II = 1> <Delay = 7.99> <FuncUnit> <Opcode : 'ddiv' 'drem'> <InPorts = 2> <OutPorts = 1>

State 7 <SV = 6> <Delay = 7.99>
ST_7 : Operation 47 [13/17] (7.99ns)   --->   "%one_over_x = fdiv double 1.000000e+00, %absx" [r:/builds/2019.1/continuous/2019_05_24_2552052/src/products/hls/hls_lib/hlsmath/include/FloatingPoint\hls_cordic.h:651->r:/builds/2019.1/continuous/2019_05_24_2552052/src/products/hls/hls_lib/hlsmath/src/c/atandouble.cpp:8]   --->   Operation 47 'ddiv' 'one_over_x' <Predicate = (octant1)> <Delay = 7.99> <Core = "DDiv">   --->   Core 117 'DDiv' <Latency = 16> <II = 1> <Delay = 7.99> <FuncUnit> <Opcode : 'ddiv' 'drem'> <InPorts = 2> <OutPorts = 1>

State 8 <SV = 7> <Delay = 7.99>
ST_8 : Operation 48 [12/17] (7.99ns)   --->   "%one_over_x = fdiv double 1.000000e+00, %absx" [r:/builds/2019.1/continuous/2019_05_24_2552052/src/products/hls/hls_lib/hlsmath/include/FloatingPoint\hls_cordic.h:651->r:/builds/2019.1/continuous/2019_05_24_2552052/src/products/hls/hls_lib/hlsmath/src/c/atandouble.cpp:8]   --->   Operation 48 'ddiv' 'one_over_x' <Predicate = (octant1)> <Delay = 7.99> <Core = "DDiv">   --->   Core 117 'DDiv' <Latency = 16> <II = 1> <Delay = 7.99> <FuncUnit> <Opcode : 'ddiv' 'drem'> <InPorts = 2> <OutPorts = 1>

State 9 <SV = 8> <Delay = 7.99>
ST_9 : Operation 49 [11/17] (7.99ns)   --->   "%one_over_x = fdiv double 1.000000e+00, %absx" [r:/builds/2019.1/continuous/2019_05_24_2552052/src/products/hls/hls_lib/hlsmath/include/FloatingPoint\hls_cordic.h:651->r:/builds/2019.1/continuous/2019_05_24_2552052/src/products/hls/hls_lib/hlsmath/src/c/atandouble.cpp:8]   --->   Operation 49 'ddiv' 'one_over_x' <Predicate = (octant1)> <Delay = 7.99> <Core = "DDiv">   --->   Core 117 'DDiv' <Latency = 16> <II = 1> <Delay = 7.99> <FuncUnit> <Opcode : 'ddiv' 'drem'> <InPorts = 2> <OutPorts = 1>

State 10 <SV = 9> <Delay = 7.99>
ST_10 : Operation 50 [10/17] (7.99ns)   --->   "%one_over_x = fdiv double 1.000000e+00, %absx" [r:/builds/2019.1/continuous/2019_05_24_2552052/src/products/hls/hls_lib/hlsmath/include/FloatingPoint\hls_cordic.h:651->r:/builds/2019.1/continuous/2019_05_24_2552052/src/products/hls/hls_lib/hlsmath/src/c/atandouble.cpp:8]   --->   Operation 50 'ddiv' 'one_over_x' <Predicate = (octant1)> <Delay = 7.99> <Core = "DDiv">   --->   Core 117 'DDiv' <Latency = 16> <II = 1> <Delay = 7.99> <FuncUnit> <Opcode : 'ddiv' 'drem'> <InPorts = 2> <OutPorts = 1>

State 11 <SV = 10> <Delay = 7.99>
ST_11 : Operation 51 [9/17] (7.99ns)   --->   "%one_over_x = fdiv double 1.000000e+00, %absx" [r:/builds/2019.1/continuous/2019_05_24_2552052/src/products/hls/hls_lib/hlsmath/include/FloatingPoint\hls_cordic.h:651->r:/builds/2019.1/continuous/2019_05_24_2552052/src/products/hls/hls_lib/hlsmath/src/c/atandouble.cpp:8]   --->   Operation 51 'ddiv' 'one_over_x' <Predicate = (octant1)> <Delay = 7.99> <Core = "DDiv">   --->   Core 117 'DDiv' <Latency = 16> <II = 1> <Delay = 7.99> <FuncUnit> <Opcode : 'ddiv' 'drem'> <InPorts = 2> <OutPorts = 1>

State 12 <SV = 11> <Delay = 7.99>
ST_12 : Operation 52 [8/17] (7.99ns)   --->   "%one_over_x = fdiv double 1.000000e+00, %absx" [r:/builds/2019.1/continuous/2019_05_24_2552052/src/products/hls/hls_lib/hlsmath/include/FloatingPoint\hls_cordic.h:651->r:/builds/2019.1/continuous/2019_05_24_2552052/src/products/hls/hls_lib/hlsmath/src/c/atandouble.cpp:8]   --->   Operation 52 'ddiv' 'one_over_x' <Predicate = (octant1)> <Delay = 7.99> <Core = "DDiv">   --->   Core 117 'DDiv' <Latency = 16> <II = 1> <Delay = 7.99> <FuncUnit> <Opcode : 'ddiv' 'drem'> <InPorts = 2> <OutPorts = 1>

State 13 <SV = 12> <Delay = 7.99>
ST_13 : Operation 53 [7/17] (7.99ns)   --->   "%one_over_x = fdiv double 1.000000e+00, %absx" [r:/builds/2019.1/continuous/2019_05_24_2552052/src/products/hls/hls_lib/hlsmath/include/FloatingPoint\hls_cordic.h:651->r:/builds/2019.1/continuous/2019_05_24_2552052/src/products/hls/hls_lib/hlsmath/src/c/atandouble.cpp:8]   --->   Operation 53 'ddiv' 'one_over_x' <Predicate = (octant1)> <Delay = 7.99> <Core = "DDiv">   --->   Core 117 'DDiv' <Latency = 16> <II = 1> <Delay = 7.99> <FuncUnit> <Opcode : 'ddiv' 'drem'> <InPorts = 2> <OutPorts = 1>

State 14 <SV = 13> <Delay = 7.99>
ST_14 : Operation 54 [6/17] (7.99ns)   --->   "%one_over_x = fdiv double 1.000000e+00, %absx" [r:/builds/2019.1/continuous/2019_05_24_2552052/src/products/hls/hls_lib/hlsmath/include/FloatingPoint\hls_cordic.h:651->r:/builds/2019.1/continuous/2019_05_24_2552052/src/products/hls/hls_lib/hlsmath/src/c/atandouble.cpp:8]   --->   Operation 54 'ddiv' 'one_over_x' <Predicate = (octant1)> <Delay = 7.99> <Core = "DDiv">   --->   Core 117 'DDiv' <Latency = 16> <II = 1> <Delay = 7.99> <FuncUnit> <Opcode : 'ddiv' 'drem'> <InPorts = 2> <OutPorts = 1>

State 15 <SV = 14> <Delay = 7.99>
ST_15 : Operation 55 [5/17] (7.99ns)   --->   "%one_over_x = fdiv double 1.000000e+00, %absx" [r:/builds/2019.1/continuous/2019_05_24_2552052/src/products/hls/hls_lib/hlsmath/include/FloatingPoint\hls_cordic.h:651->r:/builds/2019.1/continuous/2019_05_24_2552052/src/products/hls/hls_lib/hlsmath/src/c/atandouble.cpp:8]   --->   Operation 55 'ddiv' 'one_over_x' <Predicate = (octant1)> <Delay = 7.99> <Core = "DDiv">   --->   Core 117 'DDiv' <Latency = 16> <II = 1> <Delay = 7.99> <FuncUnit> <Opcode : 'ddiv' 'drem'> <InPorts = 2> <OutPorts = 1>

State 16 <SV = 15> <Delay = 7.99>
ST_16 : Operation 56 [4/17] (7.99ns)   --->   "%one_over_x = fdiv double 1.000000e+00, %absx" [r:/builds/2019.1/continuous/2019_05_24_2552052/src/products/hls/hls_lib/hlsmath/include/FloatingPoint\hls_cordic.h:651->r:/builds/2019.1/continuous/2019_05_24_2552052/src/products/hls/hls_lib/hlsmath/src/c/atandouble.cpp:8]   --->   Operation 56 'ddiv' 'one_over_x' <Predicate = (octant1)> <Delay = 7.99> <Core = "DDiv">   --->   Core 117 'DDiv' <Latency = 16> <II = 1> <Delay = 7.99> <FuncUnit> <Opcode : 'ddiv' 'drem'> <InPorts = 2> <OutPorts = 1>

State 17 <SV = 16> <Delay = 7.99>
ST_17 : Operation 57 [3/17] (7.99ns)   --->   "%one_over_x = fdiv double 1.000000e+00, %absx" [r:/builds/2019.1/continuous/2019_05_24_2552052/src/products/hls/hls_lib/hlsmath/include/FloatingPoint\hls_cordic.h:651->r:/builds/2019.1/continuous/2019_05_24_2552052/src/products/hls/hls_lib/hlsmath/src/c/atandouble.cpp:8]   --->   Operation 57 'ddiv' 'one_over_x' <Predicate = (octant1)> <Delay = 7.99> <Core = "DDiv">   --->   Core 117 'DDiv' <Latency = 16> <II = 1> <Delay = 7.99> <FuncUnit> <Opcode : 'ddiv' 'drem'> <InPorts = 2> <OutPorts = 1>

State 18 <SV = 17> <Delay = 7.99>
ST_18 : Operation 58 [2/17] (7.99ns)   --->   "%one_over_x = fdiv double 1.000000e+00, %absx" [r:/builds/2019.1/continuous/2019_05_24_2552052/src/products/hls/hls_lib/hlsmath/include/FloatingPoint\hls_cordic.h:651->r:/builds/2019.1/continuous/2019_05_24_2552052/src/products/hls/hls_lib/hlsmath/src/c/atandouble.cpp:8]   --->   Operation 58 'ddiv' 'one_over_x' <Predicate = (octant1)> <Delay = 7.99> <Core = "DDiv">   --->   Core 117 'DDiv' <Latency = 16> <II = 1> <Delay = 7.99> <FuncUnit> <Opcode : 'ddiv' 'drem'> <InPorts = 2> <OutPorts = 1>

State 19 <SV = 18> <Delay = 8.61>
ST_19 : Operation 59 [1/17] (7.99ns)   --->   "%one_over_x = fdiv double 1.000000e+00, %absx" [r:/builds/2019.1/continuous/2019_05_24_2552052/src/products/hls/hls_lib/hlsmath/include/FloatingPoint\hls_cordic.h:651->r:/builds/2019.1/continuous/2019_05_24_2552052/src/products/hls/hls_lib/hlsmath/src/c/atandouble.cpp:8]   --->   Operation 59 'ddiv' 'one_over_x' <Predicate = (octant1)> <Delay = 7.99> <Core = "DDiv">   --->   Core 117 'DDiv' <Latency = 16> <II = 1> <Delay = 7.99> <FuncUnit> <Opcode : 'ddiv' 'drem'> <InPorts = 2> <OutPorts = 1>
ST_19 : Operation 60 [1/1] (0.61ns)   --->   "%din = select i1 %octant1, double %one_over_x, double %absx" [r:/builds/2019.1/continuous/2019_05_24_2552052/src/products/hls/hls_lib/hlsmath/include/FloatingPoint\hls_cordic.h:652->r:/builds/2019.1/continuous/2019_05_24_2552052/src/products/hls/hls_lib/hlsmath/src/c/atandouble.cpp:8]   --->   Operation 60 'select' 'din' <Predicate = true> <Delay = 0.61> <Core = "Sel">   --->   Core 26 'Sel' <Latency = 0> <II = 1> <Delay = 0.61> <FuncUnit> <Opcode : 'select'> <InPorts = 3> <OutPorts = 1>

State 20 <SV = 19> <Delay = 5.41>
ST_20 : Operation 61 [2/2] (5.41ns)   --->   "%res = call fastcc double @"atan_generic<double>"(double %din) nounwind" [r:/builds/2019.1/continuous/2019_05_24_2552052/src/products/hls/hls_lib/hlsmath/include/FloatingPoint\hls_cordic.h:653->r:/builds/2019.1/continuous/2019_05_24_2552052/src/products/hls/hls_lib/hlsmath/src/c/atandouble.cpp:8]   --->   Operation 61 'call' 'res' <Predicate = true> <Delay = 5.41> <CoreType = "Generic">   --->   Core 0 '' <Latency = 0> <II = 1> <Delay = 1.00> <Generic> <Opcode : >

State 21 <SV = 20> <Delay = 5.97>
ST_21 : Operation 62 [1/2] (0.90ns)   --->   "%res = call fastcc double @"atan_generic<double>"(double %din) nounwind" [r:/builds/2019.1/continuous/2019_05_24_2552052/src/products/hls/hls_lib/hlsmath/include/FloatingPoint\hls_cordic.h:653->r:/builds/2019.1/continuous/2019_05_24_2552052/src/products/hls/hls_lib/hlsmath/src/c/atandouble.cpp:8]   --->   Operation 62 'call' 'res' <Predicate = true> <Delay = 0.90> <CoreType = "Generic">   --->   Core 0 '' <Latency = 0> <II = 1> <Delay = 1.00> <Generic> <Opcode : >
ST_21 : Operation 63 [1/1] (0.94ns)   --->   "br i1 %octant1, label %4, label %"atan_cordic<double>.exit"" [r:/builds/2019.1/continuous/2019_05_24_2552052/src/products/hls/hls_lib/hlsmath/include/FloatingPoint\hls_cordic.h:654->r:/builds/2019.1/continuous/2019_05_24_2552052/src/products/hls/hls_lib/hlsmath/src/c/atandouble.cpp:8]   --->   Operation 63 'br' <Predicate = true> <Delay = 0.94>
ST_21 : Operation 64 [5/5] (5.06ns)   --->   "%res_1 = fsub double 0x3FF921FB54442D18, %res" [r:/builds/2019.1/continuous/2019_05_24_2552052/src/products/hls/hls_lib/hlsmath/include/FloatingPoint\hls_cordic.h:659->r:/builds/2019.1/continuous/2019_05_24_2552052/src/products/hls/hls_lib/hlsmath/src/c/atandouble.cpp:8]   --->   Operation 64 'dsub' 'res_1' <Predicate = (octant1)> <Delay = 5.06> <Core = "DAddSub">   --->   Core 115 'DAddSub' <Latency = 4> <II = 1> <Delay = 5.06> <FuncUnit> <Opcode : 'dadd' 'dsub'> <InPorts = 2> <OutPorts = 1>

State 22 <SV = 21> <Delay = 5.06>
ST_22 : Operation 65 [4/5] (5.06ns)   --->   "%res_1 = fsub double 0x3FF921FB54442D18, %res" [r:/builds/2019.1/continuous/2019_05_24_2552052/src/products/hls/hls_lib/hlsmath/include/FloatingPoint\hls_cordic.h:659->r:/builds/2019.1/continuous/2019_05_24_2552052/src/products/hls/hls_lib/hlsmath/src/c/atandouble.cpp:8]   --->   Operation 65 'dsub' 'res_1' <Predicate = true> <Delay = 5.06> <Core = "DAddSub">   --->   Core 115 'DAddSub' <Latency = 4> <II = 1> <Delay = 5.06> <FuncUnit> <Opcode : 'dadd' 'dsub'> <InPorts = 2> <OutPorts = 1>

State 23 <SV = 22> <Delay = 5.06>
ST_23 : Operation 66 [3/5] (5.06ns)   --->   "%res_1 = fsub double 0x3FF921FB54442D18, %res" [r:/builds/2019.1/continuous/2019_05_24_2552052/src/products/hls/hls_lib/hlsmath/include/FloatingPoint\hls_cordic.h:659->r:/builds/2019.1/continuous/2019_05_24_2552052/src/products/hls/hls_lib/hlsmath/src/c/atandouble.cpp:8]   --->   Operation 66 'dsub' 'res_1' <Predicate = true> <Delay = 5.06> <Core = "DAddSub">   --->   Core 115 'DAddSub' <Latency = 4> <II = 1> <Delay = 5.06> <FuncUnit> <Opcode : 'dadd' 'dsub'> <InPorts = 2> <OutPorts = 1>

State 24 <SV = 23> <Delay = 5.06>
ST_24 : Operation 67 [2/5] (5.06ns)   --->   "%res_1 = fsub double 0x3FF921FB54442D18, %res" [r:/builds/2019.1/continuous/2019_05_24_2552052/src/products/hls/hls_lib/hlsmath/include/FloatingPoint\hls_cordic.h:659->r:/builds/2019.1/continuous/2019_05_24_2552052/src/products/hls/hls_lib/hlsmath/src/c/atandouble.cpp:8]   --->   Operation 67 'dsub' 'res_1' <Predicate = true> <Delay = 5.06> <Core = "DAddSub">   --->   Core 115 'DAddSub' <Latency = 4> <II = 1> <Delay = 5.06> <FuncUnit> <Opcode : 'dadd' 'dsub'> <InPorts = 2> <OutPorts = 1>

State 25 <SV = 24> <Delay = 6.01>
ST_25 : Operation 68 [1/5] (5.06ns)   --->   "%res_1 = fsub double 0x3FF921FB54442D18, %res" [r:/builds/2019.1/continuous/2019_05_24_2552052/src/products/hls/hls_lib/hlsmath/include/FloatingPoint\hls_cordic.h:659->r:/builds/2019.1/continuous/2019_05_24_2552052/src/products/hls/hls_lib/hlsmath/src/c/atandouble.cpp:8]   --->   Operation 68 'dsub' 'res_1' <Predicate = (!icmp_ln833 & !tmp_4 & octant1)> <Delay = 5.06> <Core = "DAddSub">   --->   Core 115 'DAddSub' <Latency = 4> <II = 1> <Delay = 5.06> <FuncUnit> <Opcode : 'dadd' 'dsub'> <InPorts = 2> <OutPorts = 1>
ST_25 : Operation 69 [1/1] (0.94ns)   --->   "br label %"atan_cordic<double>.exit"" [r:/builds/2019.1/continuous/2019_05_24_2552052/src/products/hls/hls_lib/hlsmath/include/FloatingPoint\hls_cordic.h:660->r:/builds/2019.1/continuous/2019_05_24_2552052/src/products/hls/hls_lib/hlsmath/src/c/atandouble.cpp:8]   --->   Operation 69 'br' <Predicate = (!icmp_ln833 & !tmp_4 & octant1)> <Delay = 0.94>
ST_25 : Operation 70 [1/1] (0.00ns)   --->   "%f_assign = phi double [ %res_1, %4 ], [ 0x3FE921FB54442D18, %2 ], [ %res, %3 ], [ %select_ln639, %1 ]"   --->   Operation 70 'phi' 'f_assign' <Predicate = true> <Delay = 0.00>
ST_25 : Operation 71 [1/1] (0.00ns)   --->   "%p_Val2_56 = bitcast double %f_assign to i64" [r:/builds/2019.1/continuous/2019_05_24_2552052/src/products/hls/hls_lib/src/hls\utils/x_hls_utils.h:475->r:/builds/2019.1/continuous/2019_05_24_2552052/src/products/hls/hls_lib/src/hls\utils/x_hls_utils.h:479->r:/builds/2019.1/continuous/2019_05_24_2552052/src/products/hls/hls_lib/hlsmath/include/FloatingPoint\hls_cordic.h:667->r:/builds/2019.1/continuous/2019_05_24_2552052/src/products/hls/hls_lib/hlsmath/src/c/atandouble.cpp:8]   --->   Operation 71 'bitcast' 'p_Val2_56' <Predicate = true> <Delay = 0.00>
ST_25 : Operation 72 [1/1] (0.00ns)   --->   "%trunc_ln368_1 = trunc i64 %p_Val2_56 to i63" [r:/builds/2019.1/continuous/2019_05_24_2552052/src/products/hls/hls_lib/src/hls\utils/x_hls_utils.h:495->r:/builds/2019.1/continuous/2019_05_24_2552052/src/products/hls/hls_lib/src/hls\utils/x_hls_utils.h:512->r:/builds/2019.1/continuous/2019_05_24_2552052/src/products/hls/hls_lib/src/hls\utils/x_hls_utils.h:526->r:/builds/2019.1/continuous/2019_05_24_2552052/src/products/hls/hls_lib/hlsmath/include/FloatingPoint\hls_cordic.h:669->r:/builds/2019.1/continuous/2019_05_24_2552052/src/products/hls/hls_lib/hlsmath/src/c/atandouble.cpp:8]   --->   Operation 72 'trunc' 'trunc_ln368_1' <Predicate = true> <Delay = 0.00>
ST_25 : Operation 73 [1/1] (0.00ns)   --->   "%p_Result_45 = call i64 @_ssdm_op_BitConcatenate.i64.i1.i63(i1 %p_Result_s, i63 %trunc_ln368_1)" [r:/builds/2019.1/continuous/2019_05_24_2552052/src/products/hls/hls_lib/src/hls\utils/x_hls_utils.h:495->r:/builds/2019.1/continuous/2019_05_24_2552052/src/products/hls/hls_lib/src/hls\utils/x_hls_utils.h:512->r:/builds/2019.1/continuous/2019_05_24_2552052/src/products/hls/hls_lib/src/hls\utils/x_hls_utils.h:526->r:/builds/2019.1/continuous/2019_05_24_2552052/src/products/hls/hls_lib/hlsmath/include/FloatingPoint\hls_cordic.h:669->r:/builds/2019.1/continuous/2019_05_24_2552052/src/products/hls/hls_lib/hlsmath/src/c/atandouble.cpp:8]   --->   Operation 73 'bitconcatenate' 'p_Result_45' <Predicate = true> <Delay = 0.00>
ST_25 : Operation 74 [1/1] (0.00ns)   --->   "%bitcast_ln512 = bitcast i64 %p_Result_45 to double" [r:/builds/2019.1/continuous/2019_05_24_2552052/src/products/hls/hls_lib/src/hls\utils/x_hls_utils.h:512->r:/builds/2019.1/continuous/2019_05_24_2552052/src/products/hls/hls_lib/src/hls\utils/x_hls_utils.h:526->r:/builds/2019.1/continuous/2019_05_24_2552052/src/products/hls/hls_lib/hlsmath/include/FloatingPoint\hls_cordic.h:669->r:/builds/2019.1/continuous/2019_05_24_2552052/src/products/hls/hls_lib/hlsmath/src/c/atandouble.cpp:8]   --->   Operation 74 'bitcast' 'bitcast_ln512' <Predicate = true> <Delay = 0.00>
ST_25 : Operation 75 [1/1] (0.00ns)   --->   "ret double %bitcast_ln512" [r:/builds/2019.1/continuous/2019_05_24_2552052/src/products/hls/hls_lib/hlsmath/src/c/atandouble.cpp:8]   --->   Operation 75 'ret' <Predicate = true> <Delay = 0.00>


============================================================
+ Verbose Summary: Timing violations
============================================================
Target clock period: 10ns, clock uncertainty: 1.25ns.

 <State 1>: 2.82ns
The critical path consists of the following:
	wire read on port 'x' (r:/builds/2019.1/continuous/2019_05_24_2552052/src/products/hls/hls_lib/hlsmath/src/c/atandouble.cpp:7) [3]  (0 ns)
	'dcmp' operation ('tmp_4', r:/builds/2019.1/continuous/2019_05_24_2552052/src/products/hls/hls_lib/hlsmath/include/FloatingPoint\hls_cordic.h:644->r:/builds/2019.1/continuous/2019_05_24_2552052/src/products/hls/hls_lib/hlsmath/src/c/atandouble.cpp:8) [14]  (2.82 ns)

 <State 2>: 3.76ns
The critical path consists of the following:
	'dcmp' operation ('tmp_4', r:/builds/2019.1/continuous/2019_05_24_2552052/src/products/hls/hls_lib/hlsmath/include/FloatingPoint\hls_cordic.h:644->r:/builds/2019.1/continuous/2019_05_24_2552052/src/products/hls/hls_lib/hlsmath/src/c/atandouble.cpp:8) [14]  (2.82 ns)
	multiplexor before 'phi' operation ('res') with incoming values : ('res', r:/builds/2019.1/continuous/2019_05_24_2552052/src/products/hls/hls_lib/hlsmath/include/FloatingPoint\hls_cordic.h:653->r:/builds/2019.1/continuous/2019_05_24_2552052/src/products/hls/hls_lib/hlsmath/src/c/atandouble.cpp:8) ('res', r:/builds/2019.1/continuous/2019_05_24_2552052/src/products/hls/hls_lib/hlsmath/include/FloatingPoint\hls_cordic.h:659->r:/builds/2019.1/continuous/2019_05_24_2552052/src/products/hls/hls_lib/hlsmath/src/c/atandouble.cpp:8) ('select_ln639', r:/builds/2019.1/continuous/2019_05_24_2552052/src/products/hls/hls_lib/hlsmath/include/FloatingPoint\hls_cordic.h:639->r:/builds/2019.1/continuous/2019_05_24_2552052/src/products/hls/hls_lib/hlsmath/src/c/atandouble.cpp:8) [30]  (0.943 ns)

 <State 3>: 8ns
The critical path consists of the following:
	'ddiv' operation ('one_over_x', r:/builds/2019.1/continuous/2019_05_24_2552052/src/products/hls/hls_lib/hlsmath/include/FloatingPoint\hls_cordic.h:651->r:/builds/2019.1/continuous/2019_05_24_2552052/src/products/hls/hls_lib/hlsmath/src/c/atandouble.cpp:8) [18]  (8 ns)

 <State 4>: 8ns
The critical path consists of the following:
	'ddiv' operation ('one_over_x', r:/builds/2019.1/continuous/2019_05_24_2552052/src/products/hls/hls_lib/hlsmath/include/FloatingPoint\hls_cordic.h:651->r:/builds/2019.1/continuous/2019_05_24_2552052/src/products/hls/hls_lib/hlsmath/src/c/atandouble.cpp:8) [18]  (8 ns)

 <State 5>: 8ns
The critical path consists of the following:
	'ddiv' operation ('one_over_x', r:/builds/2019.1/continuous/2019_05_24_2552052/src/products/hls/hls_lib/hlsmath/include/FloatingPoint\hls_cordic.h:651->r:/builds/2019.1/continuous/2019_05_24_2552052/src/products/hls/hls_lib/hlsmath/src/c/atandouble.cpp:8) [18]  (8 ns)

 <State 6>: 8ns
The critical path consists of the following:
	'ddiv' operation ('one_over_x', r:/builds/2019.1/continuous/2019_05_24_2552052/src/products/hls/hls_lib/hlsmath/include/FloatingPoint\hls_cordic.h:651->r:/builds/2019.1/continuous/2019_05_24_2552052/src/products/hls/hls_lib/hlsmath/src/c/atandouble.cpp:8) [18]  (8 ns)

 <State 7>: 8ns
The critical path consists of the following:
	'ddiv' operation ('one_over_x', r:/builds/2019.1/continuous/2019_05_24_2552052/src/products/hls/hls_lib/hlsmath/include/FloatingPoint\hls_cordic.h:651->r:/builds/2019.1/continuous/2019_05_24_2552052/src/products/hls/hls_lib/hlsmath/src/c/atandouble.cpp:8) [18]  (8 ns)

 <State 8>: 8ns
The critical path consists of the following:
	'ddiv' operation ('one_over_x', r:/builds/2019.1/continuous/2019_05_24_2552052/src/products/hls/hls_lib/hlsmath/include/FloatingPoint\hls_cordic.h:651->r:/builds/2019.1/continuous/2019_05_24_2552052/src/products/hls/hls_lib/hlsmath/src/c/atandouble.cpp:8) [18]  (8 ns)

 <State 9>: 8ns
The critical path consists of the following:
	'ddiv' operation ('one_over_x', r:/builds/2019.1/continuous/2019_05_24_2552052/src/products/hls/hls_lib/hlsmath/include/FloatingPoint\hls_cordic.h:651->r:/builds/2019.1/continuous/2019_05_24_2552052/src/products/hls/hls_lib/hlsmath/src/c/atandouble.cpp:8) [18]  (8 ns)

 <State 10>: 8ns
The critical path consists of the following:
	'ddiv' operation ('one_over_x', r:/builds/2019.1/continuous/2019_05_24_2552052/src/products/hls/hls_lib/hlsmath/include/FloatingPoint\hls_cordic.h:651->r:/builds/2019.1/continuous/2019_05_24_2552052/src/products/hls/hls_lib/hlsmath/src/c/atandouble.cpp:8) [18]  (8 ns)

 <State 11>: 8ns
The critical path consists of the following:
	'ddiv' operation ('one_over_x', r:/builds/2019.1/continuous/2019_05_24_2552052/src/products/hls/hls_lib/hlsmath/include/FloatingPoint\hls_cordic.h:651->r:/builds/2019.1/continuous/2019_05_24_2552052/src/products/hls/hls_lib/hlsmath/src/c/atandouble.cpp:8) [18]  (8 ns)

 <State 12>: 8ns
The critical path consists of the following:
	'ddiv' operation ('one_over_x', r:/builds/2019.1/continuous/2019_05_24_2552052/src/products/hls/hls_lib/hlsmath/include/FloatingPoint\hls_cordic.h:651->r:/builds/2019.1/continuous/2019_05_24_2552052/src/products/hls/hls_lib/hlsmath/src/c/atandouble.cpp:8) [18]  (8 ns)

 <State 13>: 8ns
The critical path consists of the following:
	'ddiv' operation ('one_over_x', r:/builds/2019.1/continuous/2019_05_24_2552052/src/products/hls/hls_lib/hlsmath/include/FloatingPoint\hls_cordic.h:651->r:/builds/2019.1/continuous/2019_05_24_2552052/src/products/hls/hls_lib/hlsmath/src/c/atandouble.cpp:8) [18]  (8 ns)

 <State 14>: 8ns
The critical path consists of the following:
	'ddiv' operation ('one_over_x', r:/builds/2019.1/continuous/2019_05_24_2552052/src/products/hls/hls_lib/hlsmath/include/FloatingPoint\hls_cordic.h:651->r:/builds/2019.1/continuous/2019_05_24_2552052/src/products/hls/hls_lib/hlsmath/src/c/atandouble.cpp:8) [18]  (8 ns)

 <State 15>: 8ns
The critical path consists of the following:
	'ddiv' operation ('one_over_x', r:/builds/2019.1/continuous/2019_05_24_2552052/src/products/hls/hls_lib/hlsmath/include/FloatingPoint\hls_cordic.h:651->r:/builds/2019.1/continuous/2019_05_24_2552052/src/products/hls/hls_lib/hlsmath/src/c/atandouble.cpp:8) [18]  (8 ns)

 <State 16>: 8ns
The critical path consists of the following:
	'ddiv' operation ('one_over_x', r:/builds/2019.1/continuous/2019_05_24_2552052/src/products/hls/hls_lib/hlsmath/include/FloatingPoint\hls_cordic.h:651->r:/builds/2019.1/continuous/2019_05_24_2552052/src/products/hls/hls_lib/hlsmath/src/c/atandouble.cpp:8) [18]  (8 ns)

 <State 17>: 8ns
The critical path consists of the following:
	'ddiv' operation ('one_over_x', r:/builds/2019.1/continuous/2019_05_24_2552052/src/products/hls/hls_lib/hlsmath/include/FloatingPoint\hls_cordic.h:651->r:/builds/2019.1/continuous/2019_05_24_2552052/src/products/hls/hls_lib/hlsmath/src/c/atandouble.cpp:8) [18]  (8 ns)

 <State 18>: 8ns
The critical path consists of the following:
	'ddiv' operation ('one_over_x', r:/builds/2019.1/continuous/2019_05_24_2552052/src/products/hls/hls_lib/hlsmath/include/FloatingPoint\hls_cordic.h:651->r:/builds/2019.1/continuous/2019_05_24_2552052/src/products/hls/hls_lib/hlsmath/src/c/atandouble.cpp:8) [18]  (8 ns)

 <State 19>: 8.61ns
The critical path consists of the following:
	'ddiv' operation ('one_over_x', r:/builds/2019.1/continuous/2019_05_24_2552052/src/products/hls/hls_lib/hlsmath/include/FloatingPoint\hls_cordic.h:651->r:/builds/2019.1/continuous/2019_05_24_2552052/src/products/hls/hls_lib/hlsmath/src/c/atandouble.cpp:8) [18]  (8 ns)
	'select' operation ('din', r:/builds/2019.1/continuous/2019_05_24_2552052/src/products/hls/hls_lib/hlsmath/include/FloatingPoint\hls_cordic.h:652->r:/builds/2019.1/continuous/2019_05_24_2552052/src/products/hls/hls_lib/hlsmath/src/c/atandouble.cpp:8) [19]  (0.612 ns)

 <State 20>: 5.42ns
The critical path consists of the following:
	'call' operation ('res', r:/builds/2019.1/continuous/2019_05_24_2552052/src/products/hls/hls_lib/hlsmath/include/FloatingPoint\hls_cordic.h:653->r:/builds/2019.1/continuous/2019_05_24_2552052/src/products/hls/hls_lib/hlsmath/src/c/atandouble.cpp:8) to 'atan_generic<double>' [20]  (5.42 ns)

 <State 21>: 5.98ns
The critical path consists of the following:
	'call' operation ('res', r:/builds/2019.1/continuous/2019_05_24_2552052/src/products/hls/hls_lib/hlsmath/include/FloatingPoint\hls_cordic.h:653->r:/builds/2019.1/continuous/2019_05_24_2552052/src/products/hls/hls_lib/hlsmath/src/c/atandouble.cpp:8) to 'atan_generic<double>' [20]  (0.908 ns)
	'dsub' operation ('res', r:/builds/2019.1/continuous/2019_05_24_2552052/src/products/hls/hls_lib/hlsmath/include/FloatingPoint\hls_cordic.h:659->r:/builds/2019.1/continuous/2019_05_24_2552052/src/products/hls/hls_lib/hlsmath/src/c/atandouble.cpp:8) [23]  (5.07 ns)

 <State 22>: 5.07ns
The critical path consists of the following:
	'dsub' operation ('res', r:/builds/2019.1/continuous/2019_05_24_2552052/src/products/hls/hls_lib/hlsmath/include/FloatingPoint\hls_cordic.h:659->r:/builds/2019.1/continuous/2019_05_24_2552052/src/products/hls/hls_lib/hlsmath/src/c/atandouble.cpp:8) [23]  (5.07 ns)

 <State 23>: 5.07ns
The critical path consists of the following:
	'dsub' operation ('res', r:/builds/2019.1/continuous/2019_05_24_2552052/src/products/hls/hls_lib/hlsmath/include/FloatingPoint\hls_cordic.h:659->r:/builds/2019.1/continuous/2019_05_24_2552052/src/products/hls/hls_lib/hlsmath/src/c/atandouble.cpp:8) [23]  (5.07 ns)

 <State 24>: 5.07ns
The critical path consists of the following:
	'dsub' operation ('res', r:/builds/2019.1/continuous/2019_05_24_2552052/src/products/hls/hls_lib/hlsmath/include/FloatingPoint\hls_cordic.h:659->r:/builds/2019.1/continuous/2019_05_24_2552052/src/products/hls/hls_lib/hlsmath/src/c/atandouble.cpp:8) [23]  (5.07 ns)

 <State 25>: 6.01ns
The critical path consists of the following:
	'dsub' operation ('res', r:/builds/2019.1/continuous/2019_05_24_2552052/src/products/hls/hls_lib/hlsmath/include/FloatingPoint\hls_cordic.h:659->r:/builds/2019.1/continuous/2019_05_24_2552052/src/products/hls/hls_lib/hlsmath/src/c/atandouble.cpp:8) [23]  (5.07 ns)
	multiplexor before 'phi' operation ('res') with incoming values : ('res', r:/builds/2019.1/continuous/2019_05_24_2552052/src/products/hls/hls_lib/hlsmath/include/FloatingPoint\hls_cordic.h:653->r:/builds/2019.1/continuous/2019_05_24_2552052/src/products/hls/hls_lib/hlsmath/src/c/atandouble.cpp:8) ('res', r:/builds/2019.1/continuous/2019_05_24_2552052/src/products/hls/hls_lib/hlsmath/include/FloatingPoint\hls_cordic.h:659->r:/builds/2019.1/continuous/2019_05_24_2552052/src/products/hls/hls_lib/hlsmath/src/c/atandouble.cpp:8) ('select_ln639', r:/builds/2019.1/continuous/2019_05_24_2552052/src/products/hls/hls_lib/hlsmath/include/FloatingPoint\hls_cordic.h:639->r:/builds/2019.1/continuous/2019_05_24_2552052/src/products/hls/hls_lib/hlsmath/src/c/atandouble.cpp:8) [30]  (0.943 ns)
	'phi' operation ('res') with incoming values : ('res', r:/builds/2019.1/continuous/2019_05_24_2552052/src/products/hls/hls_lib/hlsmath/include/FloatingPoint\hls_cordic.h:653->r:/builds/2019.1/continuous/2019_05_24_2552052/src/products/hls/hls_lib/hlsmath/src/c/atandouble.cpp:8) ('res', r:/builds/2019.1/continuous/2019_05_24_2552052/src/products/hls/hls_lib/hlsmath/include/FloatingPoint\hls_cordic.h:659->r:/builds/2019.1/continuous/2019_05_24_2552052/src/products/hls/hls_lib/hlsmath/src/c/atandouble.cpp:8) ('select_ln639', r:/builds/2019.1/continuous/2019_05_24_2552052/src/products/hls/hls_lib/hlsmath/include/FloatingPoint\hls_cordic.h:639->r:/builds/2019.1/continuous/2019_05_24_2552052/src/products/hls/hls_lib/hlsmath/src/c/atandouble.cpp:8) [30]  (0 ns)


============================================================
+ Verbose Summary: Binding
============================================================
N/A
* FSMD analyzer results:
  - Output states:
 - Input state : 
  - Chain level:
	State 1
	State 2
	State 3
	State 4
	State 5
	State 6
	State 7
	State 8
	State 9
	State 10
	State 11
	State 12
	State 13
	State 14
	State 15
	State 16
	State 17
	State 18
	State 19
	State 20
	State 21
	State 22
	State 23
	State 24
	State 25


============================================================
+ Verbose Summary: Datapath Resource usage 
============================================================
N/A
