

================================================================
== Vivado HLS Report for 'atan_generic_double_s'
================================================================
* Date:           Thu Aug 27 01:20:28 2020

* Version:        2019.1 (Build 2552052 on Fri May 24 15:28:33 MDT 2019)
* Project:        CarSimOnFPGA
* Solution:       solution3
* Product family: kintex7
* Target device:  xc7k325t-ffg900-2


================================================================
== Performance Estimates
================================================================
+ Timing (ns): 
    * Summary: 
    +--------+-------+----------+------------+
    |  Clock | Target| Estimated| Uncertainty|
    +--------+-------+----------+------------+
    |ap_clk  |  10.00|     8.591|        1.25|
    +--------+-------+----------+------------+

+ Latency (clock cycles): 
    * Summary: 
    +-----+-----+-----+-----+---------+
    |  Latency  |  Interval | Pipeline|
    | min | max | min | max |   Type  |
    +-----+-----+-----+-----+---------+
    |    1|  179|    1|  179|   none  |
    +-----+-----+-----+-----+---------+

    + Detail: 
        * Instance: 
        N/A

        * Loop: 
        +----------+-----+-----+----------+-----------+-----------+------+----------+
        |          |  Latency  | Iteration|  Initiation Interval  | Trip |          |
        | Loop Name| min | max |  Latency |  achieved |   target  | Count| Pipelined|
        +----------+-----+-----+----------+-----------+-----------+------+----------+
        |- Loop 1  |  176|  176|         2|          -|          -|    88|    no    |
        +----------+-----+-----+----------+-----------+-----------+------+----------+



================================================================
== Utilization Estimates
================================================================
* Summary: 
+-----------------+---------+-------+--------+--------+-----+
|       Name      | BRAM_18K| DSP48E|   FF   |   LUT  | URAM|
+-----------------+---------+-------+--------+--------+-----+
|DSP              |        -|      -|       -|       -|    -|
|Expression       |        -|      -|     146|    3996|    -|
|FIFO             |        -|      -|       -|       -|    -|
|Instance         |        -|      -|       -|       -|    -|
|Memory           |        4|      -|       0|       0|    -|
|Multiplexer      |        -|      -|       -|      92|    -|
|Register         |        -|      -|     789|       -|    -|
+-----------------+---------+-------+--------+--------+-----+
|Total            |        4|      0|     935|    4088|    0|
+-----------------+---------+-------+--------+--------+-----+
|Available        |      890|    840|  407600|  203800|    0|
+-----------------+---------+-------+--------+--------+-----+
|Utilization (%)  |    ~0   |      0|   ~0   |       2|    0|
+-----------------+---------+-------+--------+--------+-----+

+ Detail: 
    * Instance: 
    N/A

    * DSP48E: 
    N/A

    * Memory: 
    +------------------------+----------------------+---------+---+----+-----+------+-----+------+-------------+
    |         Memory         |        Module        | BRAM_18K| FF| LUT| URAM| Words| Bits| Banks| W*Bits*Banks|
    +------------------------+----------------------+---------+---+----+-----+------+-----+------+-------------+
    |cordic_ctab_table_12_U  |atan_generic_doublbW  |        4|  0|   0|    0|   128|  126|     1|        16128|
    +------------------------+----------------------+---------+---+----+-----+------+-----+------+-------------+
    |Total                   |                      |        4|  0|   0|    0|   128|  126|     1|        16128|
    +------------------------+----------------------+---------+---+----+-----+------+-----+------+-------------+

    * FIFO: 
    N/A

    * Expression: 
    +------------------------+----------+-------+----+-----+------------+------------+
    |      Variable Name     | Operation| DSP48E| FF | LUT | Bitwidth P0| Bitwidth P1|
    +------------------------+----------+-------+----+-----+------------+------------+
    |NZeros_fu_474_p2        |     +    |      0|   0|   39|          32|          32|
    |add_ln130_1_fu_375_p2   |     +    |      0|   0|   95|          88|          88|
    |add_ln130_2_fu_540_p2   |     +    |      0|   0|   93|          86|          86|
    |add_ln130_fu_341_p2     |     +    |      0|   0|   95|          88|          88|
    |add_ln858_fu_653_p2     |     +    |      0|   0|   39|           7|          32|
    |add_ln869_fu_742_p2     |     +    |      0|   0|   11|          11|          11|
    |exp_fu_231_p2           |     +    |      0|   0|   19|          12|          11|
    |k_fu_311_p2             |     +    |      0|   0|   15|           7|           1|
    |lsb_index_fu_553_p2     |     +    |      0|   0|   39|           7|          32|
    |m_1_fu_701_p2           |     +    |      0|   0|   71|          64|          64|
    |p_Val2_51_fu_524_p2     |     +    |      0|   0|   92|          85|          85|
    |sub_ln130_1_fu_369_p2   |     -    |      0|   0|   95|          88|          88|
    |sub_ln130_2_fu_534_p2   |     -    |      0|   0|   93|          86|          86|
    |sub_ln130_fu_335_p2     |     -    |      0|   0|   95|          88|          88|
    |sub_ln1311_fu_255_p2    |     -    |      0|   0|   18|          10|          11|
    |sub_ln848_fu_488_p2     |     -    |      0|   0|   39|           7|          32|
    |sub_ln851_fu_574_p2     |     -    |      0|   0|   15|           4|           7|
    |sub_ln858_fu_667_p2     |     -    |      0|   0|   39|           6|          32|
    |sub_ln869_fu_737_p2     |     -    |      0|   0|   11|           1|          11|
    |tmp_V_fu_408_p2         |     -    |      0|   0|   93|           1|          86|
    |a_fu_600_p2             |    and   |      0|   0|    2|           1|           1|
    |and_ln853_fu_627_p2     |    and   |      0|   0|    2|           1|           1|
    |p_Result_37_fu_589_p2   |    and   |      0|   0|   86|          86|          86|
    |r_V_37_fu_329_p2        |   ashr   |      0|   0|  279|          88|          88|
    |r_V_38_fu_355_p2        |   ashr   |      0|   0|  279|          88|          88|
    |tmp_4_fu_432_p3         |   ctlz   |      0|  73|   71|          64|           0|
    |tmp_fu_462_p3           |   ctlz   |      0|  73|   71|          64|           0|
    |icmp_ln1029_fu_444_p2   |   icmp   |      0|   0|   29|          64|           1|
    |icmp_ln167_fu_305_p2    |   icmp   |      0|   0|   11|           7|           7|
    |icmp_ln839_fu_394_p2    |   icmp   |      0|   0|   50|          86|           1|
    |icmp_ln849_fu_221_p2    |   icmp   |      0|   0|   13|          11|          10|
    |icmp_ln851_1_fu_594_p2  |   icmp   |      0|   0|   50|          86|           1|
    |icmp_ln851_fu_568_p2    |   icmp   |      0|   0|   18|          31|           1|
    |icmp_ln858_fu_647_p2    |   icmp   |      0|   0|   18|          32|           1|
    |lshr_ln851_fu_583_p2    |   lshr   |      0|   0|  271|           2|          86|
    |lshr_ln858_fu_662_p2    |   lshr   |      0|   0|  271|          86|          86|
    |r_V_fu_281_p2           |   lshr   |      0|   0|  271|          86|          86|
    |or_ln853_fu_633_p2      |    or    |      0|   0|    2|           1|           1|
    |exp_2_fu_265_p3         |  select  |      0|   0|   12|           1|          12|
    |l_fu_480_p3             |  select  |      0|   0|   32|           1|          32|
    |m_fu_689_p3             |  select  |      0|   0|   64|           1|          64|
    |r_V_36_fu_293_p3        |  select  |      0|   0|   86|           1|          86|
    |select_ln869_fu_729_p3  |  select  |      0|   0|   10|           1|          10|
    |tmp_V_13_fu_414_p3      |  select  |      0|   0|   86|           1|          86|
    |tx_V_fu_347_p3          |  select  |      0|   0|   88|           1|          88|
    |ty_V_fu_381_p3          |  select  |      0|   0|   88|           1|          88|
    |tz_V_fu_546_p3          |  select  |      0|   0|   86|           1|          86|
    |r_V_32_fu_287_p2        |    shl   |      0|   0|  271|          86|          86|
    |shl_ln858_fu_676_p2     |    shl   |      0|   0|  271|          86|          86|
    |xor_ln853_fu_614_p2     |    xor   |      0|   0|    2|           1|           2|
    +------------------------+----------+-------+----+-----+------------+------------+
    |Total                   |          |      0| 146| 3996|        1844|        2242|
    +------------------------+----------+-------+----+-----+------------+------------+

    * Multiplexer: 
    +--------------------------------+----+-----------+-----+-----------+
    |              Name              | LUT| Input Size| Bits| Total Bits|
    +--------------------------------+----+-----------+-----+-----------+
    |ap_NS_fsm                       |  25|          6|    1|          6|
    |ap_phi_mux_p_071_phi_fu_194_p6  |   9|          2|   64|        128|
    |ap_return                       |   9|          2|   64|        128|
    |p_071_reg_190                   |  13|          3|   64|        192|
    |p_Val2_28_reg_159               |   9|          2|   88|        176|
    |p_Val2_40_reg_168               |   9|          2|   88|        176|
    |tmp_V_12_reg_147                |   9|          2|   86|        172|
    |ush_1_reg_179                   |   9|          2|    7|         14|
    +--------------------------------+----+-----------+-----+-----------+
    |Total                           |  92|         21|  462|        992|
    +--------------------------------+----+-----------+-----+-----------+

    * Register: 
    +---------------------+----+----+-----+-----------+
    |         Name        | FF | LUT| Bits| Const Bits|
    +---------------------+----+----+-----+-----------+
    |ap_CS_fsm            |   5|   0|    5|          0|
    |ap_return_preg       |  64|   0|   64|          0|
    |icmp_ln839_reg_813   |   1|   0|    1|          0|
    |icmp_ln849_reg_776   |   1|   0|    1|          0|
    |k_reg_788            |   7|   0|    7|          0|
    |p_071_reg_190        |  64|   0|   64|          0|
    |p_Result_39_reg_817  |   1|   0|    1|          0|
    |p_Result_41_reg_852  |  64|   0|   64|          0|
    |p_Val2_28_reg_159    |  88|   0|   88|          0|
    |p_Val2_40_reg_168    |  88|   0|   88|          0|
    |sub_ln848_reg_830    |  32|   0|   32|          0|
    |tmp_10_reg_793       |   1|   0|    1|          0|
    |tmp_V_12_reg_147     |  86|   0|   86|          0|
    |tmp_V_13_reg_822     |  86|   0|   86|          0|
    |trunc_ln847_reg_842  |  11|   0|   11|          0|
    |trunc_ln851_reg_837  |   7|   0|    7|          0|
    |tx_V_reg_798         |  88|   0|   88|          0|
    |ty_V_reg_803         |  88|   0|   88|          0|
    |ush_1_reg_179        |   7|   0|    7|          0|
    +---------------------+----+----+-----+-----------+
    |Total                | 789|   0|  789|          0|
    +---------------------+----+----+-----+-----------+



================================================================
== Interface
================================================================
* Summary: 
+-----------+-----+-----+------------+----------------------+--------------+
| RTL Ports | Dir | Bits|  Protocol  |     Source Object    |    C Type    |
+-----------+-----+-----+------------+----------------------+--------------+
|ap_clk     |  in |    1| ap_ctrl_hs | atan_generic<double> | return value |
|ap_rst     |  in |    1| ap_ctrl_hs | atan_generic<double> | return value |
|ap_start   |  in |    1| ap_ctrl_hs | atan_generic<double> | return value |
|ap_done    | out |    1| ap_ctrl_hs | atan_generic<double> | return value |
|ap_idle    | out |    1| ap_ctrl_hs | atan_generic<double> | return value |
|ap_ready   | out |    1| ap_ctrl_hs | atan_generic<double> | return value |
|ap_return  | out |   64| ap_ctrl_hs | atan_generic<double> | return value |
|t_in       |  in |   64|   ap_none  |         t_in         |    scalar    |
+-----------+-----+-----+------------+----------------------+--------------+

